../Drivers/STM32H7xx_HAL_Driver/Src/stm32h7xx_hal_hsem.c:159:20:HAL_HSEM_Take	16	static
../Drivers/STM32H7xx_HAL_Driver/Src/stm32h7xx_hal_hsem.c:196:19:HAL_HSEM_FastTake	16	static
../Drivers/STM32H7xx_HAL_Driver/Src/stm32h7xx_hal_hsem.c:225:10:HAL_HSEM_IsSemTaken	16	static
../Drivers/STM32H7xx_HAL_Driver/Src/stm32h7xx_hal_hsem.c:237:7:HAL_HSEM_Release	16	static
../Drivers/STM32H7xx_HAL_Driver/Src/stm32h7xx_hal_hsem.c:258:6:HAL_HSEM_ReleaseAll	16	static
../Drivers/STM32H7xx_HAL_Driver/Src/stm32h7xx_hal_hsem.c:290:7:HAL_HSEM_SetClearKey	16	static
../Drivers/STM32H7xx_HAL_Driver/Src/stm32h7xx_hal_hsem.c:302:10:HAL_HSEM_GetClearKey	4	static
../Drivers/STM32H7xx_HAL_Driver/Src/stm32h7xx_hal_hsem.c:329:6:HAL_HSEM_ActivateNotification	16	static
../Drivers/STM32H7xx_HAL_Driver/Src/stm32h7xx_hal_hsem.c:353:6:HAL_HSEM_DeactivateNotification	16	static
../Drivers/STM32H7xx_HAL_Driver/Src/stm32h7xx_hal_hsem.c:376:6:HAL_HSEM_IRQHandler	16	static
../Drivers/STM32H7xx_HAL_Driver/Src/stm32h7xx_hal_hsem.c:422:13:HAL_HSEM_FreeCallback	16	static
