../Drivers/STM32H7xx_HAL_Driver/Src/stm32h7xx_hal_mdma.c:218:19:HAL_MDMA_Init	24	static
../Drivers/STM32H7xx_HAL_Driver/Src/stm32h7xx_hal_mdma.c:294:19:HAL_MDMA_DeInit	16	static
../Drivers/STM32H7xx_HAL_Driver/Src/stm32h7xx_hal_mdma.c:347:19:HAL_MDMA_ConfigPostRequestMask	32	static
../Drivers/STM32H7xx_HAL_Driver/Src/stm32h7xx_hal_mdma.c:409:19:HAL_MDMA_RegisterCallback	32	static
../Drivers/STM32H7xx_HAL_Driver/Src/stm32h7xx_hal_mdma.c:474:19:HAL_MDMA_UnRegisterCallback	24	static
../Drivers/STM32H7xx_HAL_Driver/Src/stm32h7xx_hal_mdma.c:568:19:HAL_MDMA_LinkedList_CreateNode	24	static
../Drivers/STM32H7xx_HAL_Driver/Src/stm32h7xx_hal_mdma.c:711:19:HAL_MDMA_LinkedList_AddNode	40	static
../Drivers/STM32H7xx_HAL_Driver/Src/stm32h7xx_hal_mdma.c:844:19:HAL_MDMA_LinkedList_RemoveNode	32	static
../Drivers/STM32H7xx_HAL_Driver/Src/stm32h7xx_hal_mdma.c:957:19:HAL_MDMA_LinkedList_EnableCircularMode	24	static
../Drivers/STM32H7xx_HAL_Driver/Src/stm32h7xx_hal_mdma.c:1001:19:HAL_MDMA_LinkedList_DisableCircularMode	24	static
../Drivers/STM32H7xx_HAL_Driver/Src/stm32h7xx_hal_mdma.c:1072:19:HAL_MDMA_Start	32	static
../Drivers/STM32H7xx_HAL_Driver/Src/stm32h7xx_hal_mdma.c:1132:19:HAL_MDMA_Start_IT	32	static
../Drivers/STM32H7xx_HAL_Driver/Src/stm32h7xx_hal_mdma.c:1215:19:HAL_MDMA_Abort	24	static
../Drivers/STM32H7xx_HAL_Driver/Src/stm32h7xx_hal_mdma.c:1280:19:HAL_MDMA_Abort_IT	16	static
../Drivers/STM32H7xx_HAL_Driver/Src/stm32h7xx_hal_mdma.c:1315:19:HAL_MDMA_PollForTransfer	40	static
../Drivers/STM32H7xx_HAL_Driver/Src/stm32h7xx_hal_mdma.c:1462:19:HAL_MDMA_GenerateSWRequest	24	static
../Drivers/STM32H7xx_HAL_Driver/Src/stm32h7xx_hal_mdma.c:1504:6:HAL_MDMA_IRQHandler	32	static
../Drivers/STM32H7xx_HAL_Driver/Src/stm32h7xx_hal_mdma.c:1722:23:HAL_MDMA_GetState	16	static
../Drivers/STM32H7xx_HAL_Driver/Src/stm32h7xx_hal_mdma.c:1733:10:HAL_MDMA_GetError	16	static
../Drivers/STM32H7xx_HAL_Driver/Src/stm32h7xx_hal_mdma.c:1760:13:MDMA_SetConfig	32	static
../Drivers/STM32H7xx_HAL_Driver/Src/stm32h7xx_hal_mdma.c:1814:13:MDMA_Init	24	static
