../Drivers/STM32H7xx_HAL_Driver/Src/stm32h7xx_hal.c:134:19:HAL_Init	16	static
../Drivers/STM32H7xx_HAL_Driver/Src/stm32h7xx_hal.c:187:19:HAL_DeInit	8	static
../Drivers/STM32H7xx_HAL_Driver/Src/stm32h7xx_hal.c:228:13:HAL_MspInit	4	static
../Drivers/STM32H7xx_HAL_Driver/Src/stm32h7xx_hal.c:239:13:HAL_MspDeInit	4	static
../Drivers/STM32H7xx_HAL_Driver/Src/stm32h7xx_hal.c:262:26:HAL_InitTick	16	static
../Drivers/STM32H7xx_HAL_Driver/Src/stm32h7xx_hal.c:327:13:HAL_IncTick	4	static
../Drivers/STM32H7xx_HAL_Driver/Src/stm32h7xx_hal.c:338:17:HAL_GetTick	4	static
../Drivers/STM32H7xx_HAL_Driver/Src/stm32h7xx_hal.c:347:10:HAL_GetTickPrio	4	static
../Drivers/STM32H7xx_HAL_Driver/Src/stm32h7xx_hal.c:356:19:HAL_SetTickFreq	24	static
../Drivers/STM32H7xx_HAL_Driver/Src/stm32h7xx_hal.c:388:21:HAL_GetTickFreq	4	static
../Drivers/STM32H7xx_HAL_Driver/Src/stm32h7xx_hal.c:404:13:HAL_Delay	24	static
../Drivers/STM32H7xx_HAL_Driver/Src/stm32h7xx_hal.c:430:13:HAL_SuspendTick	4	static
../Drivers/STM32H7xx_HAL_Driver/Src/stm32h7xx_hal.c:446:13:HAL_ResumeTick	4	static
../Drivers/STM32H7xx_HAL_Driver/Src/stm32h7xx_hal.c:456:10:HAL_GetHalVersion	4	static
../Drivers/STM32H7xx_HAL_Driver/Src/stm32h7xx_hal.c:465:10:HAL_GetREVID	4	static
../Drivers/STM32H7xx_HAL_Driver/Src/stm32h7xx_hal.c:474:10:HAL_GetDEVID	4	static
../Drivers/STM32H7xx_HAL_Driver/Src/stm32h7xx_hal.c:483:10:HAL_GetUIDw0	4	static
../Drivers/STM32H7xx_HAL_Driver/Src/stm32h7xx_hal.c:492:10:HAL_GetUIDw1	4	static
../Drivers/STM32H7xx_HAL_Driver/Src/stm32h7xx_hal.c:501:10:HAL_GetUIDw2	4	static
../Drivers/STM32H7xx_HAL_Driver/Src/stm32h7xx_hal.c:520:6:HAL_SYSCFG_VREFBUF_VoltageScalingConfig	16	static
../Drivers/STM32H7xx_HAL_Driver/Src/stm32h7xx_hal.c:536:6:HAL_SYSCFG_VREFBUF_HighImpedanceConfig	16	static
../Drivers/STM32H7xx_HAL_Driver/Src/stm32h7xx_hal.c:548:6:HAL_SYSCFG_VREFBUF_TrimmingConfig	16	static
../Drivers/STM32H7xx_HAL_Driver/Src/stm32h7xx_hal.c:560:19:HAL_SYSCFG_EnableVREFBUF	16	static
../Drivers/STM32H7xx_HAL_Driver/Src/stm32h7xx_hal.c:586:6:HAL_SYSCFG_DisableVREFBUF	4	static
../Drivers/STM32H7xx_HAL_Driver/Src/stm32h7xx_hal.c:600:6:HAL_SYSCFG_ETHInterfaceSelect	16	static
../Drivers/STM32H7xx_HAL_Driver/Src/stm32h7xx_hal.c:630:6:HAL_SYSCFG_AnalogSwitchConfig	16	static
../Drivers/STM32H7xx_HAL_Driver/Src/stm32h7xx_hal.c:648:6:HAL_SYSCFG_EnableBOOST	4	static
../Drivers/STM32H7xx_HAL_Driver/Src/stm32h7xx_hal.c:660:6:HAL_SYSCFG_DisableBOOST	4	static
../Drivers/STM32H7xx_HAL_Driver/Src/stm32h7xx_hal.c:676:6:HAL_SYSCFG_CM7BootAddConfig	16	static
../Drivers/STM32H7xx_HAL_Driver/Src/stm32h7xx_hal.c:775:6:HAL_EnableCompensationCell	4	static
../Drivers/STM32H7xx_HAL_Driver/Src/stm32h7xx_hal.c:786:6:HAL_DisableCompensationCell	4	static
../Drivers/STM32H7xx_HAL_Driver/Src/stm32h7xx_hal.c:799:6:HAL_SYSCFG_EnableIOSpeedOptimize	4	static
../Drivers/STM32H7xx_HAL_Driver/Src/stm32h7xx_hal.c:815:6:HAL_SYSCFG_DisableIOSpeedOptimize	4	static
../Drivers/STM32H7xx_HAL_Driver/Src/stm32h7xx_hal.c:832:6:HAL_SYSCFG_CompensationCodeSelect	16	static
../Drivers/STM32H7xx_HAL_Driver/Src/stm32h7xx_hal.c:849:6:HAL_SYSCFG_CompensationCodeConfig	16	static
../Drivers/STM32H7xx_HAL_Driver/Src/stm32h7xx_hal.c:917:6:HAL_DBGMCU_EnableDBGSleepMode	4	static
../Drivers/STM32H7xx_HAL_Driver/Src/stm32h7xx_hal.c:926:6:HAL_DBGMCU_DisableDBGSleepMode	4	static
../Drivers/STM32H7xx_HAL_Driver/Src/stm32h7xx_hal.c:936:6:HAL_DBGMCU_EnableDBGStopMode	4	static
../Drivers/STM32H7xx_HAL_Driver/Src/stm32h7xx_hal.c:945:6:HAL_DBGMCU_DisableDBGStopMode	4	static
../Drivers/STM32H7xx_HAL_Driver/Src/stm32h7xx_hal.c:954:6:HAL_DBGMCU_EnableDBGStandbyMode	4	static
../Drivers/STM32H7xx_HAL_Driver/Src/stm32h7xx_hal.c:963:6:HAL_DBGMCU_DisableDBGStandbyMode	4	static
../Drivers/STM32H7xx_HAL_Driver/Src/stm32h7xx_hal.c:1070:6:HAL_SetFMCMemorySwappingConfig	16	static
../Drivers/STM32H7xx_HAL_Driver/Src/stm32h7xx_hal.c:1082:10:HAL_GetFMCMemorySwappingConfig	4	static
../Drivers/STM32H7xx_HAL_Driver/Src/stm32h7xx_hal.c:1099:6:HAL_EXTI_EdgeConfig	16	static
../Drivers/STM32H7xx_HAL_Driver/Src/stm32h7xx_hal.c:1125:6:HAL_EXTI_GenerateSWInterrupt	16	static
../Drivers/STM32H7xx_HAL_Driver/Src/stm32h7xx_hal.c:1140:6:HAL_EXTI_D1_ClearFlag	16	static
../Drivers/STM32H7xx_HAL_Driver/Src/stm32h7xx_hal.c:1175:6:HAL_EXTI_D1_EventInputConfig	24	static
../Drivers/STM32H7xx_HAL_Driver/Src/stm32h7xx_hal.c:1269:6:HAL_EXTI_D3_EventInputConfig	32	static
