../Drivers/STM32H7xx_HAL_Driver/Src/stm32h7xx_hal_rcc_ex.c:105:19:HAL_RCCEx_PeriphCLKConfig	32	static
../Drivers/STM32H7xx_HAL_Driver/Src/stm32h7xx_hal_rcc_ex.c:1595:6:HAL_RCCEx_GetPeriphCLKConfig	16	static
../Drivers/STM32H7xx_HAL_Driver/Src/stm32h7xx_hal_rcc_ex.c:1784:10:HAL_RCCEx_GetPeriphCLKFreq	72	static
../Drivers/STM32H7xx_HAL_Driver/Src/stm32h7xx_hal_rcc_ex.c:2727:10:HAL_RCCEx_GetD1PCLK1Freq	8	static
../Drivers/STM32H7xx_HAL_Driver/Src/stm32h7xx_hal_rcc_ex.c:2744:10:HAL_RCCEx_GetD3PCLK1Freq	8	static
../Drivers/STM32H7xx_HAL_Driver/Src/stm32h7xx_hal_rcc_ex.c:2768:6:HAL_RCCEx_GetPLL2ClockFreq	40	static
../Drivers/STM32H7xx_HAL_Driver/Src/stm32h7xx_hal_rcc_ex.c:2837:6:HAL_RCCEx_GetPLL3ClockFreq	40	static
../Drivers/STM32H7xx_HAL_Driver/Src/stm32h7xx_hal_rcc_ex.c:2905:6:HAL_RCCEx_GetPLL1ClockFreq	40	static
../Drivers/STM32H7xx_HAL_Driver/Src/stm32h7xx_hal_rcc_ex.c:2966:10:HAL_RCCEx_GetD1SysClockFreq	16	static
../Drivers/STM32H7xx_HAL_Driver/Src/stm32h7xx_hal_rcc_ex.c:3006:6:HAL_RCCEx_EnableLSECSS	4	static
../Drivers/STM32H7xx_HAL_Driver/Src/stm32h7xx_hal_rcc_ex.c:3016:6:HAL_RCCEx_DisableLSECSS	4	static
../Drivers/STM32H7xx_HAL_Driver/Src/stm32h7xx_hal_rcc_ex.c:3028:6:HAL_RCCEx_EnableLSECSS_IT	4	static
../Drivers/STM32H7xx_HAL_Driver/Src/stm32h7xx_hal_rcc_ex.c:3055:6:HAL_RCCEx_WakeUpStopCLKConfig	16	static
../Drivers/STM32H7xx_HAL_Driver/Src/stm32h7xx_hal_rcc_ex.c:3070:6:HAL_RCCEx_KerWakeUpStopCLKConfig	16	static
../Drivers/STM32H7xx_HAL_Driver/Src/stm32h7xx_hal_rcc_ex.c:3124:6:HAL_RCCEx_WWDGxSysResetConfig	16	static
../Drivers/STM32H7xx_HAL_Driver/Src/stm32h7xx_hal_rcc_ex.c:3205:6:HAL_RCCEx_CRSConfig	24	static
../Drivers/STM32H7xx_HAL_Driver/Src/stm32h7xx_hal_rcc_ex.c:3255:6:HAL_RCCEx_CRSSoftwareSynchronizationGenerate	4	static
../Drivers/STM32H7xx_HAL_Driver/Src/stm32h7xx_hal_rcc_ex.c:3265:6:HAL_RCCEx_CRSGetSynchronizationInfo	16	static
../Drivers/STM32H7xx_HAL_Driver/Src/stm32h7xx_hal_rcc_ex.c:3298:10:HAL_RCCEx_CRSWaitSynchronization	24	static
../Drivers/STM32H7xx_HAL_Driver/Src/stm32h7xx_hal_rcc_ex.c:3381:6:HAL_RCCEx_CRS_IRQHandler	24	static
../Drivers/STM32H7xx_HAL_Driver/Src/stm32h7xx_hal_rcc_ex.c:3446:13:HAL_RCCEx_CRS_SyncOkCallback	4	static
../Drivers/STM32H7xx_HAL_Driver/Src/stm32h7xx_hal_rcc_ex.c:3457:13:HAL_RCCEx_CRS_SyncWarnCallback	4	static
../Drivers/STM32H7xx_HAL_Driver/Src/stm32h7xx_hal_rcc_ex.c:3468:13:HAL_RCCEx_CRS_ExpectedSyncCallback	4	static
../Drivers/STM32H7xx_HAL_Driver/Src/stm32h7xx_hal_rcc_ex.c:3484:13:HAL_RCCEx_CRS_ErrorCallback	16	static
../Drivers/STM32H7xx_HAL_Driver/Src/stm32h7xx_hal_rcc_ex.c:3515:26:RCCEx_PLL2_Config	24	static
../Drivers/STM32H7xx_HAL_Driver/Src/stm32h7xx_hal_rcc_ex.c:3620:26:RCCEx_PLL3_Config	24	static
../Drivers/STM32H7xx_HAL_Driver/Src/stm32h7xx_hal_rcc_ex.c:3717:6:HAL_RCCEx_LSECSS_IRQHandler	8	static
../Drivers/STM32H7xx_HAL_Driver/Src/stm32h7xx_hal_rcc_ex.c:3736:13:HAL_RCCEx_LSECSS_Callback	4	static
