12:04:13 **** Incremental Build of configuration Debug for project adc_timer2 ****
make -j4 all 
arm-none-eabi-gcc "../Core/Src/main.c" -mcpu=cortex-m3 -std=gnu11 -g3 -DUSE_HAL_DRIVER -DSTM32F103xB -DDEBUG -c -I../Core/Inc -I../Drivers/STM32F1xx_HAL_Driver/Inc -I../Drivers/STM32F1xx_HAL_Driver/Inc/Legacy -I../Drivers/CMSIS/Device/ST/STM32F1xx/Include -I../Drivers/CMSIS/Include -I../USB_DEVICE/App -I../USB_DEVICE/Target -I../Middlewares/ST/STM32_USB_Device_Library/Core/Inc -I../Middlewares/ST/STM32_USB_Device_Library/Class/CDC/Inc -O0 -ffunction-sections -fdata-sections -Wall -fstack-usage -MMD -MP -MF"Core/Src/main.d" -MT"Core/Src/main.o" --specs=nano.specs -mfloat-abi=soft -mthumb -o "Core/Src/main.o"
arm-none-eabi-g++ -o "adc_timer2.elf" @"objects.list"   -mcpu=cortex-m3 -T"C:\projects\misc\repo\stm32_test\adc_timer2\STM32F103C8TX_FLASH.ld" --specs=nosys.specs -Wl,-Map="adc_timer2.map" -Wl,--gc-sections -static --specs=nano.specs -mfloat-abi=soft -mthumb -Wl,--start-group -lc -lm -lstdc++ -lsupc++ -Wl,--end-group
Finished building target: adc_timer2.elf
 
arm-none-eabi-objdump -h -S  adc_timer2.elf  > "adc_timer2.list"
arm-none-eabi-objcopy  -O binary  adc_timer2.elf  "adc_timer2.bin"
arm-none-eabi-size   adc_timer2.elf 
   text	   data	    bss	    dec	    hex	filename
  31400	    488	   6144	  38032	   9490	adc_timer2.elf
Finished building: default.size.stdout
 
Finished building: adc_timer2.bin
 
Finished building: adc_timer2.list
 

12:04:15 Build Finished. 0 errors, 0 warnings. (took 1s.537ms)

