Archive member included to satisfy reference by file (symbol)

c:/st/stm32cubeide_1.12.0/stm32cubeide/plugins/com.st.stm32cube.ide.mcu.externaltools.gnu-tools-for-stm32.10.3-2021.10.win32_1.0.200.202301161003/tools/bin/../lib/gcc/arm-none-eabi/10.3.1/../../../../arm-none-eabi/lib/thumb/v7e-m+dp/hard\libc_nano.a(lib_a-errno.o)
                              ./Core/Src/syscalls.o (__errno)
c:/st/stm32cubeide_1.12.0/stm32cubeide/plugins/com.st.stm32cube.ide.mcu.externaltools.gnu-tools-for-stm32.10.3-2021.10.win32_1.0.200.202301161003/tools/bin/../lib/gcc/arm-none-eabi/10.3.1/../../../../arm-none-eabi/lib/thumb/v7e-m+dp/hard\libc_nano.a(lib_a-exit.o)
                              c:/st/stm32cubeide_1.12.0/stm32cubeide/plugins/com.st.stm32cube.ide.mcu.externaltools.gnu-tools-for-stm32.10.3-2021.10.win32_1.0.200.202301161003/tools/bin/../lib/gcc/arm-none-eabi/10.3.1/../../../../arm-none-eabi/lib/thumb/v7e-m+dp/hard/crt0.o (exit)
c:/st/stm32cubeide_1.12.0/stm32cubeide/plugins/com.st.stm32cube.ide.mcu.externaltools.gnu-tools-for-stm32.10.3-2021.10.win32_1.0.200.202301161003/tools/bin/../lib/gcc/arm-none-eabi/10.3.1/../../../../arm-none-eabi/lib/thumb/v7e-m+dp/hard\libc_nano.a(lib_a-impure.o)
                              c:/st/stm32cubeide_1.12.0/stm32cubeide/plugins/com.st.stm32cube.ide.mcu.externaltools.gnu-tools-for-stm32.10.3-2021.10.win32_1.0.200.202301161003/tools/bin/../lib/gcc/arm-none-eabi/10.3.1/../../../../arm-none-eabi/lib/thumb/v7e-m+dp/hard\libc_nano.a(lib_a-exit.o) (_global_impure_ptr)
c:/st/stm32cubeide_1.12.0/stm32cubeide/plugins/com.st.stm32cube.ide.mcu.externaltools.gnu-tools-for-stm32.10.3-2021.10.win32_1.0.200.202301161003/tools/bin/../lib/gcc/arm-none-eabi/10.3.1/../../../../arm-none-eabi/lib/thumb/v7e-m+dp/hard\libc_nano.a(lib_a-init.o)
                              c:/st/stm32cubeide_1.12.0/stm32cubeide/plugins/com.st.stm32cube.ide.mcu.externaltools.gnu-tools-for-stm32.10.3-2021.10.win32_1.0.200.202301161003/tools/bin/../lib/gcc/arm-none-eabi/10.3.1/../../../../arm-none-eabi/lib/thumb/v7e-m+dp/hard/crt0.o (__libc_init_array)
c:/st/stm32cubeide_1.12.0/stm32cubeide/plugins/com.st.stm32cube.ide.mcu.externaltools.gnu-tools-for-stm32.10.3-2021.10.win32_1.0.200.202301161003/tools/bin/../lib/gcc/arm-none-eabi/10.3.1/../../../../arm-none-eabi/lib/thumb/v7e-m+dp/hard\libc_nano.a(lib_a-memset.o)
                              c:/st/stm32cubeide_1.12.0/stm32cubeide/plugins/com.st.stm32cube.ide.mcu.externaltools.gnu-tools-for-stm32.10.3-2021.10.win32_1.0.200.202301161003/tools/bin/../lib/gcc/arm-none-eabi/10.3.1/../../../../arm-none-eabi/lib/thumb/v7e-m+dp/hard/crt0.o (memset)

Discarded input sections

 .text          0x0000000000000000        0x0 c:/st/stm32cubeide_1.12.0/stm32cubeide/plugins/com.st.stm32cube.ide.mcu.externaltools.gnu-tools-for-stm32.10.3-2021.10.win32_1.0.200.202301161003/tools/bin/../lib/gcc/arm-none-eabi/10.3.1/thumb/v7e-m+dp/hard/crti.o
 .data          0x0000000000000000        0x0 c:/st/stm32cubeide_1.12.0/stm32cubeide/plugins/com.st.stm32cube.ide.mcu.externaltools.gnu-tools-for-stm32.10.3-2021.10.win32_1.0.200.202301161003/tools/bin/../lib/gcc/arm-none-eabi/10.3.1/thumb/v7e-m+dp/hard/crti.o
 .bss           0x0000000000000000        0x0 c:/st/stm32cubeide_1.12.0/stm32cubeide/plugins/com.st.stm32cube.ide.mcu.externaltools.gnu-tools-for-stm32.10.3-2021.10.win32_1.0.200.202301161003/tools/bin/../lib/gcc/arm-none-eabi/10.3.1/thumb/v7e-m+dp/hard/crti.o
 .data          0x0000000000000000        0x4 c:/st/stm32cubeide_1.12.0/stm32cubeide/plugins/com.st.stm32cube.ide.mcu.externaltools.gnu-tools-for-stm32.10.3-2021.10.win32_1.0.200.202301161003/tools/bin/../lib/gcc/arm-none-eabi/10.3.1/thumb/v7e-m+dp/hard/crtbegin.o
 .rodata        0x0000000000000000       0x24 c:/st/stm32cubeide_1.12.0/stm32cubeide/plugins/com.st.stm32cube.ide.mcu.externaltools.gnu-tools-for-stm32.10.3-2021.10.win32_1.0.200.202301161003/tools/bin/../lib/gcc/arm-none-eabi/10.3.1/thumb/v7e-m+dp/hard/crtbegin.o
 .text          0x0000000000000000       0x7c c:/st/stm32cubeide_1.12.0/stm32cubeide/plugins/com.st.stm32cube.ide.mcu.externaltools.gnu-tools-for-stm32.10.3-2021.10.win32_1.0.200.202301161003/tools/bin/../lib/gcc/arm-none-eabi/10.3.1/../../../../arm-none-eabi/lib/thumb/v7e-m+dp/hard/crt0.o
 .data          0x0000000000000000        0x0 c:/st/stm32cubeide_1.12.0/stm32cubeide/plugins/com.st.stm32cube.ide.mcu.externaltools.gnu-tools-for-stm32.10.3-2021.10.win32_1.0.200.202301161003/tools/bin/../lib/gcc/arm-none-eabi/10.3.1/../../../../arm-none-eabi/lib/thumb/v7e-m+dp/hard/crt0.o
 .bss           0x0000000000000000        0x0 c:/st/stm32cubeide_1.12.0/stm32cubeide/plugins/com.st.stm32cube.ide.mcu.externaltools.gnu-tools-for-stm32.10.3-2021.10.win32_1.0.200.202301161003/tools/bin/../lib/gcc/arm-none-eabi/10.3.1/../../../../arm-none-eabi/lib/thumb/v7e-m+dp/hard/crt0.o
[...]
Memory Configuration

Name             Origin             Length             Attributes
FLASH            0x0000000008000000 0x0000000000020000 xr
DTCMRAM          0x0000000020000000 0x0000000000020000 xrw
RAM_D1           0x0000000024000000 0x0000000000080000 xrw
RAM_D2           0x0000000030000000 0x0000000000048000 xrw
RAM_D3           0x0000000038000000 0x0000000000010000 xrw
ITCMRAM          0x0000000000000000 0x0000000000010000 xrw
*default*        0x0000000000000000 0xffffffffffffffff

Linker script and memory map

LOAD c:/st/stm32cubeide_1.12.0/stm32cubeide/plugins/com.st.stm32cube.ide.mcu.externaltools.gnu-tools-for-stm32.10.3-2021.10.win32_1.0.200.202301161003/tools/bin/../lib/gcc/arm-none-eabi/10.3.1/thumb/v7e-m+dp/hard/crti.o
LOAD c:/st/stm32cubeide_1.12.0/stm32cubeide/plugins/com.st.stm32cube.ide.mcu.externaltools.gnu-tools-for-stm32.10.3-2021.10.win32_1.0.200.202301161003/tools/bin/../lib/gcc/arm-none-eabi/10.3.1/thumb/v7e-m+dp/hard/crtbegin.o
LOAD c:/st/stm32cubeide_1.12.0/stm32cubeide/plugins/com.st.stm32cube.ide.mcu.externaltools.gnu-tools-for-stm32.10.3-2021.10.win32_1.0.200.202301161003/tools/bin/../lib/gcc/arm-none-eabi/10.3.1/../../../../arm-none-eabi/lib/thumb/v7e-m+dp/hard/crt0.o
LOAD ./Core/Src/gpio.o
LOAD ./Core/Src/main.o
LOAD ./Core/Src/rng.o
LOAD ./Core/Src/stm32h7xx_hal_msp.o
LOAD ./Core/Src/stm32h7xx_it.o
LOAD ./Core/Src/syscalls.o
LOAD ./Core/Src/sysmem.o
LOAD ./Core/Src/system_stm32h7xx.o
LOAD ./Core/Startup/startup_stm32h750vbtx.o
LOAD ./Drivers/STM32H7xx_HAL_Driver/Src/stm32h7xx_hal.o
LOAD ./Drivers/STM32H7xx_HAL_Driver/Src/stm32h7xx_hal_cortex.o
LOAD ./Drivers/STM32H7xx_HAL_Driver/Src/stm32h7xx_hal_dma.o
LOAD ./Drivers/STM32H7xx_HAL_Driver/Src/stm32h7xx_hal_dma_ex.o
LOAD ./Drivers/STM32H7xx_HAL_Driver/Src/stm32h7xx_hal_exti.o
LOAD ./Drivers/STM32H7xx_HAL_Driver/Src/stm32h7xx_hal_flash.o
LOAD ./Drivers/STM32H7xx_HAL_Driver/Src/stm32h7xx_hal_flash_ex.o
LOAD ./Drivers/STM32H7xx_HAL_Driver/Src/stm32h7xx_hal_gpio.o
LOAD ./Drivers/STM32H7xx_HAL_Driver/Src/stm32h7xx_hal_hsem.o
LOAD ./Drivers/STM32H7xx_HAL_Driver/Src/stm32h7xx_hal_i2c.o
LOAD ./Drivers/STM32H7xx_HAL_Driver/Src/stm32h7xx_hal_i2c_ex.o
LOAD ./Drivers/STM32H7xx_HAL_Driver/Src/stm32h7xx_hal_mdma.o
LOAD ./Drivers/STM32H7xx_HAL_Driver/Src/stm32h7xx_hal_pwr.o
LOAD ./Drivers/STM32H7xx_HAL_Driver/Src/stm32h7xx_hal_pwr_ex.o
LOAD ./Drivers/STM32H7xx_HAL_Driver/Src/stm32h7xx_hal_rcc.o
LOAD ./Drivers/STM32H7xx_HAL_Driver/Src/stm32h7xx_hal_rcc_ex.o
LOAD ./Drivers/STM32H7xx_HAL_Driver/Src/stm32h7xx_hal_rng.o
LOAD ./Drivers/STM32H7xx_HAL_Driver/Src/stm32h7xx_hal_rng_ex.o
LOAD ./Drivers/STM32H7xx_HAL_Driver/Src/stm32h7xx_hal_tim.o
LOAD ./Drivers/STM32H7xx_HAL_Driver/Src/stm32h7xx_hal_tim_ex.o
START GROUP
LOAD c:/st/stm32cubeide_1.12.0/stm32cubeide/plugins/com.st.stm32cube.ide.mcu.externaltools.gnu-tools-for-stm32.10.3-2021.10.win32_1.0.200.202301161003/tools/bin/../lib/gcc/arm-none-eabi/10.3.1/../../../../arm-none-eabi/lib/thumb/v7e-m+dp/hard\libc_nano.a
LOAD c:/st/stm32cubeide_1.12.0/stm32cubeide/plugins/com.st.stm32cube.ide.mcu.externaltools.gnu-tools-for-stm32.10.3-2021.10.win32_1.0.200.202301161003/tools/bin/../lib/gcc/arm-none-eabi/10.3.1/../../../../arm-none-eabi/lib/thumb/v7e-m+dp/hard\libm.a
END GROUP
START GROUP
LOAD c:/st/stm32cubeide_1.12.0/stm32cubeide/plugins/com.st.stm32cube.ide.mcu.externaltools.gnu-tools-for-stm32.10.3-2021.10.win32_1.0.200.202301161003/tools/bin/../lib/gcc/arm-none-eabi/10.3.1/thumb/v7e-m+dp/hard\libgcc.a
LOAD c:/st/stm32cubeide_1.12.0/stm32cubeide/plugins/com.st.stm32cube.ide.mcu.externaltools.gnu-tools-for-stm32.10.3-2021.10.win32_1.0.200.202301161003/tools/bin/../lib/gcc/arm-none-eabi/10.3.1/../../../../arm-none-eabi/lib/thumb/v7e-m+dp/hard\libc_nano.a
END GROUP
START GROUP
LOAD c:/st/stm32cubeide_1.12.0/stm32cubeide/plugins/com.st.stm32cube.ide.mcu.externaltools.gnu-tools-for-stm32.10.3-2021.10.win32_1.0.200.202301161003/tools/bin/../lib/gcc/arm-none-eabi/10.3.1/thumb/v7e-m+dp/hard\libgcc.a
LOAD c:/st/stm32cubeide_1.12.0/stm32cubeide/plugins/com.st.stm32cube.ide.mcu.externaltools.gnu-tools-for-stm32.10.3-2021.10.win32_1.0.200.202301161003/tools/bin/../lib/gcc/arm-none-eabi/10.3.1/../../../../arm-none-eabi/lib/thumb/v7e-m+dp/hard\libc_nano.a
LOAD c:/st/stm32cubeide_1.12.0/stm32cubeide/plugins/com.st.stm32cube.ide.mcu.externaltools.gnu-tools-for-stm32.10.3-2021.10.win32_1.0.200.202301161003/tools/bin/../lib/gcc/arm-none-eabi/10.3.1/../../../../arm-none-eabi/lib/thumb/v7e-m+dp/hard\libnosys.a
END GROUP
START GROUP
LOAD c:/st/stm32cubeide_1.12.0/stm32cubeide/plugins/com.st.stm32cube.ide.mcu.externaltools.gnu-tools-for-stm32.10.3-2021.10.win32_1.0.200.202301161003/tools/bin/../lib/gcc/arm-none-eabi/10.3.1/thumb/v7e-m+dp/hard\libgcc.a
LOAD c:/st/stm32cubeide_1.12.0/stm32cubeide/plugins/com.st.stm32cube.ide.mcu.externaltools.gnu-tools-for-stm32.10.3-2021.10.win32_1.0.200.202301161003/tools/bin/../lib/gcc/arm-none-eabi/10.3.1/../../../../arm-none-eabi/lib/thumb/v7e-m+dp/hard\libc_nano.a
LOAD c:/st/stm32cubeide_1.12.0/stm32cubeide/plugins/com.st.stm32cube.ide.mcu.externaltools.gnu-tools-for-stm32.10.3-2021.10.win32_1.0.200.202301161003/tools/bin/../lib/gcc/arm-none-eabi/10.3.1/../../../../arm-none-eabi/lib/thumb/v7e-m+dp/hard\libnosys.a
END GROUP
LOAD c:/st/stm32cubeide_1.12.0/stm32cubeide/plugins/com.st.stm32cube.ide.mcu.externaltools.gnu-tools-for-stm32.10.3-2021.10.win32_1.0.200.202301161003/tools/bin/../lib/gcc/arm-none-eabi/10.3.1/thumb/v7e-m+dp/hard/crtend.o
LOAD c:/st/stm32cubeide_1.12.0/stm32cubeide/plugins/com.st.stm32cube.ide.mcu.externaltools.gnu-tools-for-stm32.10.3-2021.10.win32_1.0.200.202301161003/tools/bin/../lib/gcc/arm-none-eabi/10.3.1/thumb/v7e-m+dp/hard/crtn.o
                0x0000000024080000                _estack = (ORIGIN (RAM_D1) + LENGTH (RAM_D1))
                0x0000000000000200                _Min_Heap_Size = 0x200
                0x0000000000000400                _Min_Stack_Size = 0x400

.isr_vector     0x0000000008000000      0x298
                0x0000000008000000                . = ALIGN (0x4)
 *(.isr_vector)
 .isr_vector    0x0000000008000000      0x298 ./Core/Startup/startup_stm32h750vbtx.o
                0x0000000008000000                g_pfnVectors
                0x0000000008000298                . = ALIGN (0x4)

.text           0x0000000008000298     0x32c4
                0x0000000008000298                . = ALIGN (0x4)
 *(.text)
 .text          0x0000000008000298       0x40 c:/st/stm32cubeide_1.12.0/stm32cubeide/plugins/com.st.stm32cube.ide.mcu.externaltools.gnu-tools-for-stm32.10.3-2021.10.win32_1.0.200.202301161003/tools/bin/../lib/gcc/arm-none-eabi/10.3.1/thumb/v7e-m+dp/hard/crtbegin.o
 *(.text*)
 .text.MX_GPIO_Init
                0x00000000080002d8       0xa8 ./Core/Src/gpio.o
                0x00000000080002d8                MX_GPIO_Init
 .text.main     0x0000000008000380       0x16 ./Core/Src/main.o
                0x0000000008000380                main
 *fill*         0x0000000008000396        0x2 
 .text.SystemClock_Config
                0x0000000008000398       0xfc ./Core/Src/main.o
                0x0000000008000398                SystemClock_Config
 .text.Error_Handler
                0x0000000008000494        0xa ./Core/Src/main.o
                0x0000000008000494                Error_Handler
 *fill*         0x000000000800049e        0x2 
 .text.MX_RNG_Init
                0x00000000080004a0       0x2c ./Core/Src/rng.o
                0x00000000080004a0                MX_RNG_Init
 .text.HAL_RNG_MspInit
                0x00000000080004cc       0x74 ./Core/Src/rng.o
                0x00000000080004cc                HAL_RNG_MspInit
 .text.HAL_MspInit
                0x0000000008000540       0x34 ./Core/Src/stm32h7xx_hal_msp.o
                0x0000000008000540                HAL_MspInit
 .text.NMI_Handler
                0x0000000008000574        0x6 ./Core/Src/stm32h7xx_it.o
                0x0000000008000574                NMI_Handler
 .text.HardFault_Handler
                0x000000000800057a        0x6 ./Core/Src/stm32h7xx_it.o
                0x000000000800057a                HardFault_Handler
 .text.MemManage_Handler
                0x0000000008000580        0x6 ./Core/Src/stm32h7xx_it.o
                0x0000000008000580                MemManage_Handler
 .text.BusFault_Handler
                0x0000000008000586        0x6 ./Core/Src/stm32h7xx_it.o
                0x0000000008000586                BusFault_Handler
 .text.UsageFault_Handler
                0x000000000800058c        0x6 ./Core/Src/stm32h7xx_it.o
                0x000000000800058c                UsageFault_Handler
 .text.SVC_Handler
                0x0000000008000592        0xe ./Core/Src/stm32h7xx_it.o
                0x0000000008000592                SVC_Handler
 .text.DebugMon_Handler
                0x00000000080005a0        0xe ./Core/Src/stm32h7xx_it.o
                0x00000000080005a0                DebugMon_Handler
 .text.PendSV_Handler
                0x00000000080005ae        0xe ./Core/Src/stm32h7xx_it.o
                0x00000000080005ae                PendSV_Handler
 .text.SysTick_Handler
                0x00000000080005bc        0xc ./Core/Src/stm32h7xx_it.o
                0x00000000080005bc                SysTick_Handler
 .text.SystemInit
                0x00000000080005c8      0x110 ./Core/Src/system_stm32h7xx.o
                0x00000000080005c8                SystemInit
 .text.Reset_Handler
                0x00000000080006d8       0x50 ./Core/Startup/startup_stm32h750vbtx.o
                0x00000000080006d8                Reset_Handler
 .text.Default_Handler
                0x0000000008000728        0x2 ./Core/Startup/startup_stm32h750vbtx.o
                0x0000000008000728                RTC_Alarm_IRQHandler
                0x0000000008000728                HASH_RNG_IRQHandler
                0x0000000008000728                EXTI2_IRQHandler
                0x0000000008000728                TIM8_CC_IRQHandler
                0x0000000008000728                HRTIM1_Master_IRQHandler
                0x0000000008000728                UART8_IRQHandler
                0x0000000008000728                SPI4_IRQHandler
                0x0000000008000728                TIM1_CC_IRQHandler
                0x0000000008000728                BDMA_Channel6_IRQHandler
                0x0000000008000728                DMA2_Stream5_IRQHandler
                0x0000000008000728                HRTIM1_FLT_IRQHandler
                0x0000000008000728                JPEG_IRQHandler
                0x0000000008000728                DMA1_Stream5_IRQHandler
                0x0000000008000728                BDMA_Channel1_IRQHandler
                0x0000000008000728                HRTIM1_TIMD_IRQHandler
                0x0000000008000728                TAMP_STAMP_IRQHandler
                0x0000000008000728                EXTI3_IRQHandler
                0x0000000008000728                LPTIM4_IRQHandler
                0x0000000008000728                TIM8_TRG_COM_TIM14_IRQHandler
                0x0000000008000728                LPTIM2_IRQHandler
                0x0000000008000728                DFSDM1_FLT1_IRQHandler
                0x0000000008000728                DMAMUX2_OVR_IRQHandler
                0x0000000008000728                TIM8_UP_TIM13_IRQHandler
                0x0000000008000728                I2C3_ER_IRQHandler
                0x0000000008000728                DFSDM1_FLT2_IRQHandler
                0x0000000008000728                MDMA_IRQHandler
                0x0000000008000728                LPTIM3_IRQHandler
                0x0000000008000728                HSEM1_IRQHandler
                0x0000000008000728                EXTI0_IRQHandler
                0x0000000008000728                I2C2_EV_IRQHandler
                0x0000000008000728                DMA1_Stream2_IRQHandler
                0x0000000008000728                FPU_IRQHandler
                0x0000000008000728                OTG_HS_WKUP_IRQHandler
                0x0000000008000728                FDCAN1_IT1_IRQHandler
                0x0000000008000728                LTDC_ER_IRQHandler
                0x0000000008000728                DMA2_Stream2_IRQHandler
                0x0000000008000728                HRTIM1_TIME_IRQHandler
                0x0000000008000728                SPI1_IRQHandler
                0x0000000008000728                TIM6_DAC_IRQHandler
                0x0000000008000728                DCMI_IRQHandler
                0x0000000008000728                HRTIM1_TIMC_IRQHandler
                0x0000000008000728                DMA2_Stream3_IRQHandler
                0x0000000008000728                SAI2_IRQHandler
                0x0000000008000728                DFSDM1_FLT3_IRQHandler
                0x0000000008000728                USART6_IRQHandler
                0x0000000008000728                TIM17_IRQHandler
                0x0000000008000728                USART3_IRQHandler
                0x0000000008000728                BDMA_Channel7_IRQHandler
                0x0000000008000728                CRYP_IRQHandler
                0x0000000008000728                LPTIM5_IRQHandler
                0x0000000008000728                UART5_IRQHandler
                0x0000000008000728                ADC3_IRQHandler
                0x0000000008000728                DMA2_Stream0_IRQHandler
                0x0000000008000728                TIM4_IRQHandler
                0x0000000008000728                BDMA_Channel2_IRQHandler
                0x0000000008000728                QUADSPI_IRQHandler
                0x0000000008000728                I2C1_EV_IRQHandler
                0x0000000008000728                DMA1_Stream6_IRQHandler
                0x0000000008000728                DMAMUX1_OVR_IRQHandler
                0x0000000008000728                DMA1_Stream1_IRQHandler
                0x0000000008000728                TIM16_IRQHandler
                0x0000000008000728                UART4_IRQHandler
                0x0000000008000728                BDMA_Channel5_IRQHandler
                0x0000000008000728                TIM3_IRQHandler
                0x0000000008000728                RCC_IRQHandler
                0x0000000008000728                TIM8_BRK_TIM12_IRQHandler
                0x0000000008000728                TIM1_TRG_COM_IRQHandler
                0x0000000008000728                Default_Handler
                0x0000000008000728                ECC_IRQHandler
                0x0000000008000728                CEC_IRQHandler
                0x0000000008000728                EXTI15_10_IRQHandler
                0x0000000008000728                BDMA_Channel0_IRQHandler
                0x0000000008000728                ADC_IRQHandler
                0x0000000008000728                DMA1_Stream7_IRQHandler
                0x0000000008000728                HRTIM1_TIMA_IRQHandler
                0x0000000008000728                SPI5_IRQHandler
                0x0000000008000728                TIM7_IRQHandler
                0x0000000008000728                SDMMC1_IRQHandler
                0x0000000008000728                TIM5_IRQHandler
                0x0000000008000728                DMA2_Stream7_IRQHandler
                0x0000000008000728                TIM15_IRQHandler
                0x0000000008000728                PVD_AVD_IRQHandler
                0x0000000008000728                I2C3_EV_IRQHandler
                0x0000000008000728                EXTI9_5_IRQHandler
                0x0000000008000728                RTC_WKUP_IRQHandler
                0x0000000008000728                LTDC_IRQHandler
                0x0000000008000728                SAI3_IRQHandler
                0x0000000008000728                ETH_WKUP_IRQHandler
                0x0000000008000728                SPDIF_RX_IRQHandler
                0x0000000008000728                SPI2_IRQHandler
                0x0000000008000728                OTG_HS_EP1_IN_IRQHandler
                0x0000000008000728                DMA1_Stream0_IRQHandler
                0x0000000008000728                CRS_IRQHandler
                0x0000000008000728                EXTI4_IRQHandler
                0x0000000008000728                HRTIM1_TIMB_IRQHandler
                0x0000000008000728                FDCAN2_IT1_IRQHandler
                0x0000000008000728                ETH_IRQHandler
                0x0000000008000728                TIM1_UP_IRQHandler
                0x0000000008000728                BDMA_Channel4_IRQHandler
                0x0000000008000728                OTG_HS_EP1_OUT_IRQHandler
                0x0000000008000728                WWDG_IRQHandler
                0x0000000008000728                SPI6_IRQHandler
                0x0000000008000728                MDIOS_IRQHandler
                0x0000000008000728                I2C4_EV_IRQHandler
                0x0000000008000728                FDCAN2_IT0_IRQHandler
                0x0000000008000728                LPUART1_IRQHandler
                0x0000000008000728                FDCAN1_IT0_IRQHandler
                0x0000000008000728                TIM2_IRQHandler
                0x0000000008000728                OTG_FS_WKUP_IRQHandler
                0x0000000008000728                OTG_HS_IRQHandler
                0x0000000008000728                DMA2D_IRQHandler
                0x0000000008000728                TIM1_BRK_IRQHandler
                0x0000000008000728                EXTI1_IRQHandler
                0x0000000008000728                SDMMC2_IRQHandler
                0x0000000008000728                OTG_FS_EP1_OUT_IRQHandler
                0x0000000008000728                BDMA_Channel3_IRQHandler
                0x0000000008000728                UART7_IRQHandler
                0x0000000008000728                MDIOS_WKUP_IRQHandler
                0x0000000008000728                USART2_IRQHandler
                0x0000000008000728                DFSDM1_FLT0_IRQHandler
                0x0000000008000728                SAI4_IRQHandler
                0x0000000008000728                I2C2_ER_IRQHandler
                0x0000000008000728                DMA2_Stream1_IRQHandler
                0x0000000008000728                FLASH_IRQHandler
                0x0000000008000728                DMA2_Stream4_IRQHandler
                0x0000000008000728                USART1_IRQHandler
                0x0000000008000728                OTG_FS_IRQHandler
                0x0000000008000728                SPI3_IRQHandler
                0x0000000008000728                WAKEUP_PIN_IRQHandler
                0x0000000008000728                DMA1_Stream4_IRQHandler
                0x0000000008000728                OTG_FS_EP1_IN_IRQHandler
                0x0000000008000728                I2C1_ER_IRQHandler
                0x0000000008000728                FMC_IRQHandler
                0x0000000008000728                FDCAN_CAL_IRQHandler
                0x0000000008000728                SWPMI1_IRQHandler
                0x0000000008000728                COMP1_IRQHandler
                0x0000000008000728                LPTIM1_IRQHandler
                0x0000000008000728                I2C4_ER_IRQHandler
                0x0000000008000728                DMA2_Stream6_IRQHandler
                0x0000000008000728                SAI1_IRQHandler
                0x0000000008000728                DMA1_Stream3_IRQHandler
 *fill*         0x000000000800072a        0x2 
 .text.HAL_Init
                0x000000000800072c       0x78 ./Drivers/STM32H7xx_HAL_Driver/Src/stm32h7xx_hal.o
                0x000000000800072c                HAL_Init
 .text.HAL_InitTick
                0x00000000080007a4       0x6c ./Drivers/STM32H7xx_HAL_Driver/Src/stm32h7xx_hal.o
                0x00000000080007a4                HAL_InitTick
 .text.HAL_IncTick
                0x0000000008000810       0x28 ./Drivers/STM32H7xx_HAL_Driver/Src/stm32h7xx_hal.o
                0x0000000008000810                HAL_IncTick
 .text.HAL_GetTick
                0x0000000008000838       0x18 ./Drivers/STM32H7xx_HAL_Driver/Src/stm32h7xx_hal.o
                0x0000000008000838                HAL_GetTick
 .text.HAL_GetREVID
                0x0000000008000850       0x18 ./Drivers/STM32H7xx_HAL_Driver/Src/stm32h7xx_hal.o
                0x0000000008000850                HAL_GetREVID
 .text.__NVIC_SetPriorityGrouping
                0x0000000008000868       0x48 ./Drivers/STM32H7xx_HAL_Driver/Src/stm32h7xx_hal_cortex.o
 .text.__NVIC_GetPriorityGrouping
                0x00000000080008b0       0x1c ./Drivers/STM32H7xx_HAL_Driver/Src/stm32h7xx_hal_cortex.o
 .text.__NVIC_SetPriority
                0x00000000080008cc       0x54 ./Drivers/STM32H7xx_HAL_Driver/Src/stm32h7xx_hal_cortex.o
 .text.NVIC_EncodePriority
                0x0000000008000920       0x66 ./Drivers/STM32H7xx_HAL_Driver/Src/stm32h7xx_hal_cortex.o
 *fill*         0x0000000008000986        0x2 
 .text.SysTick_Config
                0x0000000008000988       0x44 ./Drivers/STM32H7xx_HAL_Driver/Src/stm32h7xx_hal_cortex.o
 .text.HAL_NVIC_SetPriorityGrouping
                0x00000000080009cc       0x16 ./Drivers/STM32H7xx_HAL_Driver/Src/stm32h7xx_hal_cortex.o
                0x00000000080009cc                HAL_NVIC_SetPriorityGrouping
 .text.HAL_NVIC_SetPriority
                0x00000000080009e2       0x34 ./Drivers/STM32H7xx_HAL_Driver/Src/stm32h7xx_hal_cortex.o
                0x00000000080009e2                HAL_NVIC_SetPriority
 .text.HAL_SYSTICK_Config
                0x0000000008000a16       0x18 ./Drivers/STM32H7xx_HAL_Driver/Src/stm32h7xx_hal_cortex.o
                0x0000000008000a16                HAL_SYSTICK_Config
 *fill*         0x0000000008000a2e        0x2 
 .text.HAL_GPIO_Init
                0x0000000008000a30      0x360 ./Drivers/STM32H7xx_HAL_Driver/Src/stm32h7xx_hal_gpio.o
                0x0000000008000a30                HAL_GPIO_Init
 .text.HAL_GPIO_WritePin
                0x0000000008000d90       0x32 ./Drivers/STM32H7xx_HAL_Driver/Src/stm32h7xx_hal_gpio.o
                0x0000000008000d90                HAL_GPIO_WritePin
 *fill*         0x0000000008000dc2        0x2 
 .text.HAL_PWREx_ConfigSupply
                0x0000000008000dc4       0x74 ./Drivers/STM32H7xx_HAL_Driver/Src/stm32h7xx_hal_pwr_ex.o
                0x0000000008000dc4                HAL_PWREx_ConfigSupply
 .text.HAL_RCC_OscConfig
                0x0000000008000e38      0x8b4 ./Drivers/STM32H7xx_HAL_Driver/Src/stm32h7xx_hal_rcc.o
                0x0000000008000e38                HAL_RCC_OscConfig
 .text.HAL_RCC_ClockConfig
                0x00000000080016ec      0x36c ./Drivers/STM32H7xx_HAL_Driver/Src/stm32h7xx_hal_rcc.o
                0x00000000080016ec                HAL_RCC_ClockConfig
 .text.HAL_RCC_GetSysClockFreq
                0x0000000008001a58      0x2f4 ./Drivers/STM32H7xx_HAL_Driver/Src/stm32h7xx_hal_rcc.o
                0x0000000008001a58                HAL_RCC_GetSysClockFreq
 .text.HAL_RCCEx_PeriphCLKConfig
                0x0000000008001d4c     0x1414 ./Drivers/STM32H7xx_HAL_Driver/Src/stm32h7xx_hal_rcc_ex.o
                0x0000000008001d4c                HAL_RCCEx_PeriphCLKConfig
 .text.RCCEx_PLL2_Config
                0x0000000008003160      0x164 ./Drivers/STM32H7xx_HAL_Driver/Src/stm32h7xx_hal_rcc_ex.o
 .text.RCCEx_PLL3_Config
                0x00000000080032c4      0x164 ./Drivers/STM32H7xx_HAL_Driver/Src/stm32h7xx_hal_rcc_ex.o
 .text.HAL_RNG_Init
                0x0000000008003428       0xc4 ./Drivers/STM32H7xx_HAL_Driver/Src/stm32h7xx_hal_rng.o
                0x0000000008003428                HAL_RNG_Init
 .text.__libc_init_array
                0x00000000080034ec       0x48 c:/st/stm32cubeide_1.12.0/stm32cubeide/plugins/com.st.stm32cube.ide.mcu.externaltools.gnu-tools-for-stm32.10.3-2021.10.win32_1.0.200.202301161003/tools/bin/../lib/gcc/arm-none-eabi/10.3.1/../../../../arm-none-eabi/lib/thumb/v7e-m+dp/hard\libc_nano.a(lib_a-init.o)
                0x00000000080034ec                __libc_init_array
 .text.memset   0x0000000008003534       0x10 c:/st/stm32cubeide_1.12.0/stm32cubeide/plugins/com.st.stm32cube.ide.mcu.externaltools.gnu-tools-for-stm32.10.3-2021.10.win32_1.0.200.202301161003/tools/bin/../lib/gcc/arm-none-eabi/10.3.1/../../../../arm-none-eabi/lib/thumb/v7e-m+dp/hard\libc_nano.a(lib_a-memset.o)
                0x0000000008003534                memset
 *(.glue_7)
 .glue_7        0x0000000008003544        0x0 linker stubs
 *(.glue_7t)
 .glue_7t       0x0000000008003544        0x0 linker stubs
 *(.eh_frame)
 .eh_frame      0x0000000008003544        0x0 c:/st/stm32cubeide_1.12.0/stm32cubeide/plugins/com.st.stm32cube.ide.mcu.externaltools.gnu-tools-for-stm32.10.3-2021.10.win32_1.0.200.202301161003/tools/bin/../lib/gcc/arm-none-eabi/10.3.1/thumb/v7e-m+dp/hard/crtbegin.o
 *(.init)
 .init          0x0000000008003544        0x4 c:/st/stm32cubeide_1.12.0/stm32cubeide/plugins/com.st.stm32cube.ide.mcu.externaltools.gnu-tools-for-stm32.10.3-2021.10.win32_1.0.200.202301161003/tools/bin/../lib/gcc/arm-none-eabi/10.3.1/thumb/v7e-m+dp/hard/crti.o
                0x0000000008003544                _init
 .init          0x0000000008003548        0x8 c:/st/stm32cubeide_1.12.0/stm32cubeide/plugins/com.st.stm32cube.ide.mcu.externaltools.gnu-tools-for-stm32.10.3-2021.10.win32_1.0.200.202301161003/tools/bin/../lib/gcc/arm-none-eabi/10.3.1/thumb/v7e-m+dp/hard/crtn.o
 *(.fini)
 .fini          0x0000000008003550        0x4 c:/st/stm32cubeide_1.12.0/stm32cubeide/plugins/com.st.stm32cube.ide.mcu.externaltools.gnu-tools-for-stm32.10.3-2021.10.win32_1.0.200.202301161003/tools/bin/../lib/gcc/arm-none-eabi/10.3.1/thumb/v7e-m+dp/hard/crti.o
                0x0000000008003550                _fini
 .fini          0x0000000008003554        0x8 c:/st/stm32cubeide_1.12.0/stm32cubeide/plugins/com.st.stm32cube.ide.mcu.externaltools.gnu-tools-for-stm32.10.3-2021.10.win32_1.0.200.202301161003/tools/bin/../lib/gcc/arm-none-eabi/10.3.1/thumb/v7e-m+dp/hard/crtn.o
                0x000000000800355c                . = ALIGN (0x4)
                0x000000000800355c                _etext = .

.vfp11_veneer   0x000000000800355c        0x0
 .vfp11_veneer  0x000000000800355c        0x0 linker stubs

.v4_bx          0x000000000800355c        0x0
 .v4_bx         0x000000000800355c        0x0 linker stubs

.iplt           0x000000000800355c        0x0
 .iplt          0x000000000800355c        0x0 c:/st/stm32cubeide_1.12.0/stm32cubeide/plugins/com.st.stm32cube.ide.mcu.externaltools.gnu-tools-for-stm32.10.3-2021.10.win32_1.0.200.202301161003/tools/bin/../lib/gcc/arm-none-eabi/10.3.1/thumb/v7e-m+dp/hard/crtbegin.o

.rodata         0x000000000800355c       0x10
                0x000000000800355c                . = ALIGN (0x4)
 *(.rodata)
 *(.rodata*)
 .rodata.D1CorePrescTable
                0x000000000800355c       0x10 ./Core/Src/system_stm32h7xx.o
                0x000000000800355c                D1CorePrescTable
                0x000000000800356c                . = ALIGN (0x4)

.rel.dyn        0x000000000800356c        0x0
 .rel.iplt      0x000000000800356c        0x0 c:/st/stm32cubeide_1.12.0/stm32cubeide/plugins/com.st.stm32cube.ide.mcu.externaltools.gnu-tools-for-stm32.10.3-2021.10.win32_1.0.200.202301161003/tools/bin/../lib/gcc/arm-none-eabi/10.3.1/thumb/v7e-m+dp/hard/crtbegin.o

.ARM.extab
 *(.ARM.extab* .gnu.linkonce.armextab.*)

.ARM            0x000000000800356c        0x0
                0x000000000800356c                __exidx_start = .
 *(.ARM.exidx*)
                0x000000000800356c                __exidx_end = .

.preinit_array  0x000000000800356c        0x0
                0x000000000800356c                PROVIDE (__preinit_array_start = .)
 *(.preinit_array*)
                0x000000000800356c                PROVIDE (__preinit_array_end = .)

.init_array     0x000000000800356c        0x4
                0x000000000800356c                PROVIDE (__init_array_start = .)
 *(SORT_BY_NAME(.init_array.*))
 *(.init_array*)
 .init_array    0x000000000800356c        0x4 c:/st/stm32cubeide_1.12.0/stm32cubeide/plugins/com.st.stm32cube.ide.mcu.externaltools.gnu-tools-for-stm32.10.3-2021.10.win32_1.0.200.202301161003/tools/bin/../lib/gcc/arm-none-eabi/10.3.1/thumb/v7e-m+dp/hard/crtbegin.o
                0x0000000008003570                PROVIDE (__init_array_end = .)

.fini_array     0x0000000008003570        0x4
                [!provide]                        PROVIDE (__fini_array_start = .)
 *(SORT_BY_NAME(.fini_array.*))
 *(.fini_array*)
 .fini_array    0x0000000008003570        0x4 c:/st/stm32cubeide_1.12.0/stm32cubeide/plugins/com.st.stm32cube.ide.mcu.externaltools.gnu-tools-for-stm32.10.3-2021.10.win32_1.0.200.202301161003/tools/bin/../lib/gcc/arm-none-eabi/10.3.1/thumb/v7e-m+dp/hard/crtbegin.o
                [!provide]                        PROVIDE (__fini_array_end = .)
                0x0000000008003574                _sidata = LOADADDR (.data)

.data           0x0000000024000000       0x10 load address 0x0000000008003574
                0x0000000024000000                . = ALIGN (0x4)
                0x0000000024000000                _sdata = .
 *(.data)
 *(.data*)
 .data.SystemCoreClock
                0x0000000024000000        0x4 ./Core/Src/system_stm32h7xx.o
                0x0000000024000000                SystemCoreClock
 .data.SystemD2Clock
                0x0000000024000004        0x4 ./Core/Src/system_stm32h7xx.o
                0x0000000024000004                SystemD2Clock
 .data.uwTickPrio
                0x0000000024000008        0x4 ./Drivers/STM32H7xx_HAL_Driver/Src/stm32h7xx_hal.o
                0x0000000024000008                uwTickPrio
 .data.uwTickFreq
                0x000000002400000c        0x1 ./Drivers/STM32H7xx_HAL_Driver/Src/stm32h7xx_hal.o
                0x000000002400000c                uwTickFreq
 *(.RamFunc)
 *(.RamFunc*)
                0x0000000024000010                . = ALIGN (0x4)
 *fill*         0x000000002400000d        0x3 
                0x0000000024000010                _edata = .

.igot.plt       0x0000000024000010        0x0 load address 0x0000000008003584
 .igot.plt      0x0000000024000010        0x0 c:/st/stm32cubeide_1.12.0/stm32cubeide/plugins/com.st.stm32cube.ide.mcu.externaltools.gnu-tools-for-stm32.10.3-2021.10.win32_1.0.200.202301161003/tools/bin/../lib/gcc/arm-none-eabi/10.3.1/thumb/v7e-m+dp/hard/crtbegin.o
                0x0000000024000010                . = ALIGN (0x4)

.bss            0x0000000024000010       0x34 load address 0x0000000008003584
                0x0000000024000010                _sbss = .
                0x0000000024000010                __bss_start__ = _sbss
 *(.bss)
 .bss           0x0000000024000010       0x1c c:/st/stm32cubeide_1.12.0/stm32cubeide/plugins/com.st.stm32cube.ide.mcu.externaltools.gnu-tools-for-stm32.10.3-2021.10.win32_1.0.200.202301161003/tools/bin/../lib/gcc/arm-none-eabi/10.3.1/thumb/v7e-m+dp/hard/crtbegin.o
 *(.bss*)
 .bss.hrng      0x000000002400002c       0x14 ./Core/Src/rng.o
                0x000000002400002c                hrng
 .bss.uwTick    0x0000000024000040        0x4 ./Drivers/STM32H7xx_HAL_Driver/Src/stm32h7xx_hal.o
                0x0000000024000040                uwTick
 *(COMMON)
                0x0000000024000044                . = ALIGN (0x4)
                0x0000000024000044                _ebss = .
                0x0000000024000044                __bss_end__ = _ebss

._user_heap_stack
                0x0000000024000044      0x604 load address 0x0000000008003584
                0x0000000024000048                . = ALIGN (0x8)
 *fill*         0x0000000024000044        0x4 
                [!provide]                        PROVIDE (end = .)
                0x0000000024000048                PROVIDE (_end = .)
                0x0000000024000248                . = (. + _Min_Heap_Size)
 *fill*         0x0000000024000048      0x200 
                0x0000000024000648                . = (. + _Min_Stack_Size)
 *fill*         0x0000000024000248      0x400 
                0x0000000024000648                . = ALIGN (0x8)

/DISCARD/
 libc.a(*)
 libm.a(*)
 libgcc.a(*)

.ARM.attributes
                0x0000000000000000       0x2e
 *(.ARM.attributes)
 .ARM.attributes
                0x0000000000000000       0x1e c:/st/stm32cubeide_1.12.0/stm32cubeide/plugins/com.st.stm32cube.ide.mcu.externaltools.gnu-tools-for-stm32.10.3-2021.10.win32_1.0.200.202301161003/tools/bin/../lib/gcc/arm-none-eabi/10.3.1/thumb/v7e-m+dp/hard/crti.o
 .ARM.attributes
                0x000000000000001e       0x32 c:/st/stm32cubeide_1.12.0/stm32cubeide/plugins/com.st.stm32cube.ide.mcu.externaltools.gnu-tools-for-stm32.10.3-2021.10.win32_1.0.200.202301161003/tools/bin/../lib/gcc/arm-none-eabi/10.3.1/thumb/v7e-m+dp/hard/crtbegin.o
 .ARM.attributes
                0x0000000000000050       0x32 ./Core/Src/gpio.o
 .ARM.attributes
                0x0000000000000082       0x32 ./Core/Src/main.o
 .ARM.attributes
                0x00000000000000b4       0x32 ./Core/Src/rng.o
 .ARM.attributes
                0x00000000000000e6       0x32 ./Core/Src/stm32h7xx_hal_msp.o
 .ARM.attributes
                0x0000000000000118       0x32 ./Core/Src/stm32h7xx_it.o
 .ARM.attributes
                0x000000000000014a       0x32 ./Core/Src/system_stm32h7xx.o
 .ARM.attributes
                0x000000000000017c       0x21 ./Core/Startup/startup_stm32h750vbtx.o
 .ARM.attributes
                0x000000000000019d       0x32 ./Drivers/STM32H7xx_HAL_Driver/Src/stm32h7xx_hal.o
 .ARM.attributes
                0x00000000000001cf       0x32 ./Drivers/STM32H7xx_HAL_Driver/Src/stm32h7xx_hal_cortex.o
 .ARM.attributes
                0x0000000000000201       0x32 ./Drivers/STM32H7xx_HAL_Driver/Src/stm32h7xx_hal_gpio.o
 .ARM.attributes
                0x0000000000000233       0x32 ./Drivers/STM32H7xx_HAL_Driver/Src/stm32h7xx_hal_pwr_ex.o
 .ARM.attributes
                0x0000000000000265       0x32 ./Drivers/STM32H7xx_HAL_Driver/Src/stm32h7xx_hal_rcc.o
 .ARM.attributes
                0x0000000000000297       0x32 ./Drivers/STM32H7xx_HAL_Driver/Src/stm32h7xx_hal_rcc_ex.o
 .ARM.attributes
                0x00000000000002c9       0x32 ./Drivers/STM32H7xx_HAL_Driver/Src/stm32h7xx_hal_rng.o
 .ARM.attributes
                0x00000000000002fb       0x32 c:/st/stm32cubeide_1.12.0/stm32cubeide/plugins/com.st.stm32cube.ide.mcu.externaltools.gnu-tools-for-stm32.10.3-2021.10.win32_1.0.200.202301161003/tools/bin/../lib/gcc/arm-none-eabi/10.3.1/../../../../arm-none-eabi/lib/thumb/v7e-m+dp/hard\libc_nano.a(lib_a-init.o)
 .ARM.attributes
                0x000000000000032d       0x32 c:/st/stm32cubeide_1.12.0/stm32cubeide/plugins/com.st.stm32cube.ide.mcu.externaltools.gnu-tools-for-stm32.10.3-2021.10.win32_1.0.200.202301161003/tools/bin/../lib/gcc/arm-none-eabi/10.3.1/../../../../arm-none-eabi/lib/thumb/v7e-m+dp/hard\libc_nano.a(lib_a-memset.o)
 .ARM.attributes
                0x000000000000035f       0x1e c:/st/stm32cubeide_1.12.0/stm32cubeide/plugins/com.st.stm32cube.ide.mcu.externaltools.gnu-tools-for-stm32.10.3-2021.10.win32_1.0.200.202301161003/tools/bin/../lib/gcc/arm-none-eabi/10.3.1/thumb/v7e-m+dp/hard/crtn.o
OUTPUT(mx_cube3.elf elf32-littlearm)
LOAD linker stubs
LOAD c:/st/stm32cubeide_1.12.0/stm32cubeide/plugins/com.st.stm32cube.ide.mcu.externaltools.gnu-tools-for-stm32.10.3-2021.10.win32_1.0.200.202301161003/tools/bin/../lib/gcc/arm-none-eabi/10.3.1/../../../../arm-none-eabi/lib/thumb/v7e-m+dp/hard\libc.a
LOAD c:/st/stm32cubeide_1.12.0/stm32cubeide/plugins/com.st.stm32cube.ide.mcu.externaltools.gnu-tools-for-stm32.10.3-2021.10.win32_1.0.200.202301161003/tools/bin/../lib/gcc/arm-none-eabi/10.3.1/../../../../arm-none-eabi/lib/thumb/v7e-m+dp/hard\libm.a
LOAD c:/st/stm32cubeide_1.12.0/stm32cubeide/plugins/com.st.stm32cube.ide.mcu.externaltools.gnu-tools-for-stm32.10.3-2021.10.win32_1.0.200.202301161003/tools/bin/../lib/gcc/arm-none-eabi/10.3.1/thumb/v7e-m+dp/hard\libgcc.a

.debug_info     0x0000000000000000     0x9554
 .debug_info    0x0000000000000000      0x66e ./Core/Src/gpio.o
 .debug_info    0x000000000000066e      0x664 ./Core/Src/main.o
 .debug_info    0x0000000000000cd2      0x9a0 ./Core/Src/rng.o
 .debug_info    0x0000000000001672      0x4a4 ./Core/Src/stm32h7xx_hal_msp.o
 .debug_info    0x0000000000001b16      0x137 ./Core/Src/stm32h7xx_it.o
 .debug_info    0x0000000000001c4d      0xd07 ./Core/Src/system_stm32h7xx.o
 .debug_info    0x0000000000002954       0x22 ./Core/Startup/startup_stm32h750vbtx.o
 .debug_info    0x0000000000002976     0x15dd ./Drivers/STM32H7xx_HAL_Driver/Src/stm32h7xx_hal.o
 .debug_info    0x0000000000003f53     0x1173 ./Drivers/STM32H7xx_HAL_Driver/Src/stm32h7xx_hal_cortex.o
 .debug_info    0x00000000000050c6      0xd28 ./Drivers/STM32H7xx_HAL_Driver/Src/stm32h7xx_hal_gpio.o
 .debug_info    0x0000000000005dee     0x109d ./Drivers/STM32H7xx_HAL_Driver/Src/stm32h7xx_hal_pwr_ex.o
 .debug_info    0x0000000000006e8b      0xf4a ./Drivers/STM32H7xx_HAL_Driver/Src/stm32h7xx_hal_rcc.o
 .debug_info    0x0000000000007dd5     0x12d9 ./Drivers/STM32H7xx_HAL_Driver/Src/stm32h7xx_hal_rcc_ex.o
 .debug_info    0x00000000000090ae      0x4a6 ./Drivers/STM32H7xx_HAL_Driver/Src/stm32h7xx_hal_rng.o

.debug_abbrev   0x0000000000000000     0x18c8
 .debug_abbrev  0x0000000000000000      0x17b ./Core/Src/gpio.o
 .debug_abbrev  0x000000000000017b      0x1f2 ./Core/Src/main.o
 .debug_abbrev  0x000000000000036d      0x1ca ./Core/Src/rng.o
 .debug_abbrev  0x0000000000000537       0xda ./Core/Src/stm32h7xx_hal_msp.o
 .debug_abbrev  0x0000000000000611       0x74 ./Core/Src/stm32h7xx_it.o
 .debug_abbrev  0x0000000000000685      0x147 ./Core/Src/system_stm32h7xx.o
 .debug_abbrev  0x00000000000007cc       0x12 ./Core/Startup/startup_stm32h750vbtx.o
 .debug_abbrev  0x00000000000007de      0x289 ./Drivers/STM32H7xx_HAL_Driver/Src/stm32h7xx_hal.o
 .debug_abbrev  0x0000000000000a67      0x329 ./Drivers/STM32H7xx_HAL_Driver/Src/stm32h7xx_hal_cortex.o
 .debug_abbrev  0x0000000000000d90      0x1ec ./Drivers/STM32H7xx_HAL_Driver/Src/stm32h7xx_hal_gpio.o
 .debug_abbrev  0x0000000000000f7c      0x28f ./Drivers/STM32H7xx_HAL_Driver/Src/stm32h7xx_hal_pwr_ex.o
 .debug_abbrev  0x000000000000120b      0x2b8 ./Drivers/STM32H7xx_HAL_Driver/Src/stm32h7xx_hal_rcc.o
 .debug_abbrev  0x00000000000014c3      0x25c ./Drivers/STM32H7xx_HAL_Driver/Src/stm32h7xx_hal_rcc_ex.o
 .debug_abbrev  0x000000000000171f      0x1a9 ./Drivers/STM32H7xx_HAL_Driver/Src/stm32h7xx_hal_rng.o

.debug_aranges  0x0000000000000000      0x7b0
 .debug_aranges
                0x0000000000000000       0x20 ./Core/Src/gpio.o
 .debug_aranges
                0x0000000000000020       0x30 ./Core/Src/main.o
 .debug_aranges
                0x0000000000000050       0x30 ./Core/Src/rng.o
 .debug_aranges
                0x0000000000000080       0x20 ./Core/Src/stm32h7xx_hal_msp.o
 .debug_aranges
                0x00000000000000a0       0x60 ./Core/Src/stm32h7xx_it.o
 .debug_aranges
                0x0000000000000100       0x28 ./Core/Src/system_stm32h7xx.o
 .debug_aranges
                0x0000000000000128       0x28 ./Core/Startup/startup_stm32h750vbtx.o
 .debug_aranges
                0x0000000000000150      0x198 ./Drivers/STM32H7xx_HAL_Driver/Src/stm32h7xx_hal.o
 .debug_aranges
                0x00000000000002e8      0x120 ./Drivers/STM32H7xx_HAL_Driver/Src/stm32h7xx_hal_cortex.o
 .debug_aranges
                0x0000000000000408       0x58 ./Drivers/STM32H7xx_HAL_Driver/Src/stm32h7xx_hal_gpio.o
 .debug_aranges
                0x0000000000000460      0x158 ./Drivers/STM32H7xx_HAL_Driver/Src/stm32h7xx_hal_pwr_ex.o
 .debug_aranges
                0x00000000000005b8       0x88 ./Drivers/STM32H7xx_HAL_Driver/Src/stm32h7xx_hal_rcc.o
 .debug_aranges
                0x0000000000000640       0xf8 ./Drivers/STM32H7xx_HAL_Driver/Src/stm32h7xx_hal_rcc_ex.o
 .debug_aranges
                0x0000000000000738       0x78 ./Drivers/STM32H7xx_HAL_Driver/Src/stm32h7xx_hal_rng.o

.debug_ranges   0x0000000000000000      0x6d8
 .debug_ranges  0x0000000000000000       0x10 ./Core/Src/gpio.o
 .debug_ranges  0x0000000000000010       0x20 ./Core/Src/main.o
 .debug_ranges  0x0000000000000030       0x20 ./Core/Src/rng.o
 .debug_ranges  0x0000000000000050       0x10 ./Core/Src/stm32h7xx_hal_msp.o
 .debug_ranges  0x0000000000000060       0x50 ./Core/Src/stm32h7xx_it.o
 .debug_ranges  0x00000000000000b0       0x18 ./Core/Src/system_stm32h7xx.o
 .debug_ranges  0x00000000000000c8       0x20 ./Core/Startup/startup_stm32h750vbtx.o
 .debug_ranges  0x00000000000000e8      0x188 ./Drivers/STM32H7xx_HAL_Driver/Src/stm32h7xx_hal.o
 .debug_ranges  0x0000000000000270      0x110 ./Drivers/STM32H7xx_HAL_Driver/Src/stm32h7xx_hal_cortex.o
 .debug_ranges  0x0000000000000380       0x48 ./Drivers/STM32H7xx_HAL_Driver/Src/stm32h7xx_hal_gpio.o
 .debug_ranges  0x00000000000003c8      0x148 ./Drivers/STM32H7xx_HAL_Driver/Src/stm32h7xx_hal_pwr_ex.o
 .debug_ranges  0x0000000000000510       0x78 ./Drivers/STM32H7xx_HAL_Driver/Src/stm32h7xx_hal_rcc.o
 .debug_ranges  0x0000000000000588       0xe8 ./Drivers/STM32H7xx_HAL_Driver/Src/stm32h7xx_hal_rcc_ex.o
 .debug_ranges  0x0000000000000670       0x68 ./Drivers/STM32H7xx_HAL_Driver/Src/stm32h7xx_hal_rng.o

.debug_macro    0x0000000000000000    0x354ac
 .debug_macro   0x0000000000000000      0x2a3 ./Core/Src/gpio.o
 .debug_macro   0x00000000000002a3      0xa90 ./Core/Src/gpio.o
 .debug_macro   0x0000000000000d33      0x232 ./Core/Src/gpio.o
 .debug_macro   0x0000000000000f65       0x2e ./Core/Src/gpio.o
 .debug_macro   0x0000000000000f93       0x3b ./Core/Src/gpio.o
 .debug_macro   0x0000000000000fce       0x22 ./Core/Src/gpio.o
 .debug_macro   0x0000000000000ff0       0x8e ./Core/Src/gpio.o
 .debug_macro   0x000000000000107e       0x51 ./Core/Src/gpio.o
 .debug_macro   0x00000000000010cf      0x103 ./Core/Src/gpio.o
 .debug_macro   0x00000000000011d2       0x6a ./Core/Src/gpio.o
 .debug_macro   0x000000000000123c      0x1df ./Core/Src/gpio.o
 .debug_macro   0x000000000000141b       0x1c ./Core/Src/gpio.o
 .debug_macro   0x0000000000001437       0x22 ./Core/Src/gpio.o
 .debug_macro   0x0000000000001459       0xfb ./Core/Src/gpio.o
 .debug_macro   0x0000000000001554     0x1305 ./Core/Src/gpio.o
 .debug_macro   0x0000000000002859      0x11f ./Core/Src/gpio.o
 .debug_macro   0x0000000000002978       0x27 ./Core/Src/gpio.o
 .debug_macro   0x000000000000299f    0x25e77 ./Core/Src/gpio.o
 .debug_macro   0x0000000000028816       0x6d ./Core/Src/gpio.o
 .debug_macro   0x0000000000028883     0x3d5d ./Core/Src/gpio.o
 .debug_macro   0x000000000002c5e0      0x174 ./Core/Src/gpio.o
 .debug_macro   0x000000000002c754       0x52 ./Core/Src/gpio.o
 .debug_macro   0x000000000002c7a6       0x1d ./Core/Src/gpio.o
 .debug_macro   0x000000000002c7c3       0x3c ./Core/Src/gpio.o
 .debug_macro   0x000000000002c7ff       0x34 ./Core/Src/gpio.o
 .debug_macro   0x000000000002c833       0x16 ./Core/Src/gpio.o
 .debug_macro   0x000000000002c849       0x43 ./Core/Src/gpio.o
 .debug_macro   0x000000000002c88c       0x34 ./Core/Src/gpio.o
 .debug_macro   0x000000000002c8c0       0x10 ./Core/Src/gpio.o
 .debug_macro   0x000000000002c8d0       0x58 ./Core/Src/gpio.o
 .debug_macro   0x000000000002c928       0x71 ./Core/Src/gpio.o
 .debug_macro   0x000000000002c999       0x1c ./Core/Src/gpio.o
 .debug_macro   0x000000000002c9b5      0x12a ./Core/Src/gpio.o
 .debug_macro   0x000000000002cadf      0x341 ./Core/Src/gpio.o
 .debug_macro   0x000000000002ce20      0x19b ./Core/Src/gpio.o
 .debug_macro   0x000000000002cfbb       0x5d ./Core/Src/gpio.o
 .debug_macro   0x000000000002d018     0x240e ./Core/Src/gpio.o
 .debug_macro   0x000000000002f426     0x102c ./Core/Src/gpio.o
 .debug_macro   0x0000000000030452      0x154 ./Core/Src/gpio.o
 .debug_macro   0x00000000000305a6      0x114 ./Core/Src/gpio.o
 .debug_macro   0x00000000000306ba      0x3b2 ./Core/Src/gpio.o
 .debug_macro   0x0000000000030a6c       0xac ./Core/Src/gpio.o
 .debug_macro   0x0000000000030b18      0x72d ./Core/Src/gpio.o
 .debug_macro   0x0000000000031245      0x228 ./Core/Src/gpio.o
 .debug_macro   0x000000000003146d       0x66 ./Core/Src/gpio.o
 .debug_macro   0x00000000000314d3      0x3bb ./Core/Src/gpio.o
 .debug_macro   0x000000000003188e      0x3e4 ./Core/Src/gpio.o
 .debug_macro   0x0000000000031c72      0x275 ./Core/Src/gpio.o
 .debug_macro   0x0000000000031ee7      0x3ca ./Core/Src/gpio.o
 .debug_macro   0x00000000000322b1      0x3de ./Core/Src/gpio.o
 .debug_macro   0x000000000003268f       0x3c ./Core/Src/gpio.o
 .debug_macro   0x00000000000326cb       0x4a ./Core/Src/gpio.o
 .debug_macro   0x0000000000032715      0x22c ./Core/Src/gpio.o
 .debug_macro   0x0000000000032941       0x67 ./Core/Src/gpio.o
 .debug_macro   0x00000000000329a8       0xa5 ./Core/Src/gpio.o
 .debug_macro   0x0000000000032a4d      0x1c4 ./Core/Src/gpio.o
 .debug_macro   0x0000000000032c11      0x25e ./Core/Src/gpio.o
 .debug_macro   0x0000000000032e6f       0x35 ./Core/Src/gpio.o
 .debug_macro   0x0000000000032ea4       0xb9 ./Core/Src/gpio.o
 .debug_macro   0x0000000000032f5d      0x5a0 ./Core/Src/gpio.o
 .debug_macro   0x00000000000334fd       0x10 ./Core/Src/gpio.o
 .debug_macro   0x000000000003350d      0x2b1 ./Core/Src/main.o
 .debug_macro   0x00000000000337be      0x2a3 ./Core/Src/rng.o
 .debug_macro   0x0000000000033a61      0x299 ./Core/Src/stm32h7xx_hal_msp.o
 .debug_macro   0x0000000000033cfa      0x2a3 ./Core/Src/stm32h7xx_it.o
 .debug_macro   0x0000000000033f9d      0x28a ./Core/Src/system_stm32h7xx.o
 .debug_macro   0x0000000000034227      0x2b4 ./Drivers/STM32H7xx_HAL_Driver/Src/stm32h7xx_hal.o
 .debug_macro   0x00000000000344db      0x28a ./Drivers/STM32H7xx_HAL_Driver/Src/stm32h7xx_hal_cortex.o
 .debug_macro   0x0000000000034765      0x291 ./Drivers/STM32H7xx_HAL_Driver/Src/stm32h7xx_hal_gpio.o
 .debug_macro   0x00000000000349f6      0x2c3 ./Drivers/STM32H7xx_HAL_Driver/Src/stm32h7xx_hal_pwr_ex.o
 .debug_macro   0x0000000000034cb9      0x2ae ./Drivers/STM32H7xx_HAL_Driver/Src/stm32h7xx_hal_rcc.o
 .debug_macro   0x0000000000034f67      0x2a8 ./Drivers/STM32H7xx_HAL_Driver/Src/stm32h7xx_hal_rcc_ex.o
 .debug_macro   0x000000000003520f      0x29d ./Drivers/STM32H7xx_HAL_Driver/Src/stm32h7xx_hal_rng.o

.debug_line     0x0000000000000000     0xa523
 .debug_line    0x0000000000000000      0x817 ./Core/Src/gpio.o
 .debug_line    0x0000000000000817      0x8ac ./Core/Src/main.o
 .debug_line    0x00000000000010c3      0x85b ./Core/Src/rng.o
 .debug_line    0x000000000000191e      0x807 ./Core/Src/stm32h7xx_hal_msp.o
 .debug_line    0x0000000000002125      0x8cb ./Core/Src/stm32h7xx_it.o
 .debug_line    0x00000000000029f0      0x9b8 ./Core/Src/system_stm32h7xx.o
 .debug_line    0x00000000000033a8       0x88 ./Core/Startup/startup_stm32h750vbtx.o
 .debug_line    0x0000000000003430      0xdb6 ./Drivers/STM32H7xx_HAL_Driver/Src/stm32h7xx_hal.o
 .debug_line    0x00000000000041e6      0xdbc ./Drivers/STM32H7xx_HAL_Driver/Src/stm32h7xx_hal_cortex.o
 .debug_line    0x0000000000004fa2      0xc79 ./Drivers/STM32H7xx_HAL_Driver/Src/stm32h7xx_hal_gpio.o
 .debug_line    0x0000000000005c1b      0xed0 ./Drivers/STM32H7xx_HAL_Driver/Src/stm32h7xx_hal_pwr_ex.o
 .debug_line    0x0000000000006aeb     0x1386 ./Drivers/STM32H7xx_HAL_Driver/Src/stm32h7xx_hal_rcc.o
 .debug_line    0x0000000000007e71     0x1c54 ./Drivers/STM32H7xx_HAL_Driver/Src/stm32h7xx_hal_rcc_ex.o
 .debug_line    0x0000000000009ac5      0xa5e ./Drivers/STM32H7xx_HAL_Driver/Src/stm32h7xx_hal_rng.o

.debug_str      0x0000000000000000   0x150173
 .debug_str     0x0000000000000000   0x14d13d ./Core/Src/gpio.o
                                     0x14d584 (size before relaxing)
 .debug_str     0x000000000014d13d      0x2f7 ./Core/Src/main.o
                                     0x14d5b9 (size before relaxing)
 .debug_str     0x000000000014d434      0x467 ./Core/Src/rng.o
                                     0x14d9c1 (size before relaxing)
 .debug_str     0x000000000014d89b       0x2c ./Core/Src/stm32h7xx_hal_msp.o
                                     0x14d4b9 (size before relaxing)
 .debug_str     0x000000000014d8c7       0xc9 ./Core/Src/stm32h7xx_it.o
                                     0x14d318 (size before relaxing)
 .debug_str     0x000000000014d990      0x344 ./Core/Src/system_stm32h7xx.o
                                     0x14d7c5 (size before relaxing)
 .debug_str     0x000000000014dcd4       0x36 ./Core/Startup/startup_stm32h750vbtx.o
                                         0x71 (size before relaxing)
 .debug_str     0x000000000014dd0a      0xfd4 ./Drivers/STM32H7xx_HAL_Driver/Src/stm32h7xx_hal.o
                                     0x14e6ea (size before relaxing)
 .debug_str     0x000000000014ecde      0x364 ./Drivers/STM32H7xx_HAL_Driver/Src/stm32h7xx_hal_cortex.o
                                     0x14e0ed (size before relaxing)
 .debug_str     0x000000000014f042      0x101 ./Drivers/STM32H7xx_HAL_Driver/Src/stm32h7xx_hal_gpio.o
                                     0x14d77c (size before relaxing)
 .debug_str     0x000000000014f143      0x642 ./Drivers/STM32H7xx_HAL_Driver/Src/stm32h7xx_hal_pwr_ex.o
                                     0x14dc3d (size before relaxing)
 .debug_str     0x000000000014f785      0x22e ./Drivers/STM32H7xx_HAL_Driver/Src/stm32h7xx_hal_rcc.o
                                     0x14db60 (size before relaxing)
 .debug_str     0x000000000014f9b3      0x65d ./Drivers/STM32H7xx_HAL_Driver/Src/stm32h7xx_hal_rcc_ex.o
                                     0x14e041 (size before relaxing)
 .debug_str     0x0000000000150010      0x163 ./Drivers/STM32H7xx_HAL_Driver/Src/stm32h7xx_hal_rng.o
                                     0x14d538 (size before relaxing)

.comment        0x0000000000000000       0x50
 .comment       0x0000000000000000       0x50 ./Core/Src/gpio.o
                                         0x51 (size before relaxing)
 .comment       0x0000000000000050       0x51 ./Core/Src/main.o
 .comment       0x0000000000000050       0x51 ./Core/Src/rng.o
 .comment       0x0000000000000050       0x51 ./Core/Src/stm32h7xx_hal_msp.o
 .comment       0x0000000000000050       0x51 ./Core/Src/stm32h7xx_it.o
 .comment       0x0000000000000050       0x51 ./Core/Src/system_stm32h7xx.o
 .comment       0x0000000000000050       0x51 ./Drivers/STM32H7xx_HAL_Driver/Src/stm32h7xx_hal.o
 .comment       0x0000000000000050       0x51 ./Drivers/STM32H7xx_HAL_Driver/Src/stm32h7xx_hal_cortex.o
 .comment       0x0000000000000050       0x51 ./Drivers/STM32H7xx_HAL_Driver/Src/stm32h7xx_hal_gpio.o
 .comment       0x0000000000000050       0x51 ./Drivers/STM32H7xx_HAL_Driver/Src/stm32h7xx_hal_pwr_ex.o
 .comment       0x0000000000000050       0x51 ./Drivers/STM32H7xx_HAL_Driver/Src/stm32h7xx_hal_rcc.o
 .comment       0x0000000000000050       0x51 ./Drivers/STM32H7xx_HAL_Driver/Src/stm32h7xx_hal_rcc_ex.o
 .comment       0x0000000000000050       0x51 ./Drivers/STM32H7xx_HAL_Driver/Src/stm32h7xx_hal_rng.o

.debug_frame    0x0000000000000000     0x1cf4
 .debug_frame   0x0000000000000000       0x34 ./Core/Src/gpio.o
 .debug_frame   0x0000000000000034       0x68 ./Core/Src/main.o
 .debug_frame   0x000000000000009c       0x78 ./Core/Src/rng.o
 .debug_frame   0x0000000000000114       0x38 ./Core/Src/stm32h7xx_hal_msp.o
 .debug_frame   0x000000000000014c      0x104 ./Core/Src/stm32h7xx_it.o
 .debug_frame   0x0000000000000250       0x58 ./Core/Src/system_stm32h7xx.o
 .debug_frame   0x00000000000002a8      0x690 ./Drivers/STM32H7xx_HAL_Driver/Src/stm32h7xx_hal.o
 .debug_frame   0x0000000000000938      0x4b8 ./Drivers/STM32H7xx_HAL_Driver/Src/stm32h7xx_hal_cortex.o
 .debug_frame   0x0000000000000df0      0x14c ./Drivers/STM32H7xx_HAL_Driver/Src/stm32h7xx_hal_gpio.o
 .debug_frame   0x0000000000000f3c      0x580 ./Drivers/STM32H7xx_HAL_Driver/Src/stm32h7xx_hal_pwr_ex.o
 .debug_frame   0x00000000000014bc      0x1f8 ./Drivers/STM32H7xx_HAL_Driver/Src/stm32h7xx_hal_rcc.o
 .debug_frame   0x00000000000016b4      0x414 ./Drivers/STM32H7xx_HAL_Driver/Src/stm32h7xx_hal_rcc_ex.o
 .debug_frame   0x0000000000001ac8      0x1e0 ./Drivers/STM32H7xx_HAL_Driver/Src/stm32h7xx_hal_rng.o
 .debug_frame   0x0000000000001ca8       0x2c c:/st/stm32cubeide_1.12.0/stm32cubeide/plugins/com.st.stm32cube.ide.mcu.externaltools.gnu-tools-for-stm32.10.3-2021.10.win32_1.0.200.202301161003/tools/bin/../lib/gcc/arm-none-eabi/10.3.1/../../../../arm-none-eabi/lib/thumb/v7e-m+dp/hard\libc_nano.a(lib_a-init.o)
 .debug_frame   0x0000000000001cd4       0x20 c:/st/stm32cubeide_1.12.0/stm32cubeide/plugins/com.st.stm32cube.ide.mcu.externaltools.gnu-tools-for-stm32.10.3-2021.10.win32_1.0.200.202301161003/tools/bin/../lib/gcc/arm-none-eabi/10.3.1/../../../../arm-none-eabi/lib/thumb/v7e-m+dp/hard\libc_nano.a(lib_a-memset.o)
