Archive member included to satisfy reference by file (symbol)

c:/st/stm32cubeide_1.12.0/stm32cubeide/plugins/com.st.stm32cube.ide.mcu.externaltools.gnu-tools-for-stm32.10.3-2021.10.win32_1.0.200.202301161003/tools/bin/../lib/gcc/arm-none-eabi/10.3.1/../../../../arm-none-eabi/lib/thumb/v7e-m+dp/hard\libc_nano.a(lib_a-errno.o)
                              ./Core/Src/syscalls.o (__errno)
c:/st/stm32cubeide_1.12.0/stm32cubeide/plugins/com.st.stm32cube.ide.mcu.externaltools.gnu-tools-for-stm32.10.3-2021.10.win32_1.0.200.202301161003/tools/bin/../lib/gcc/arm-none-eabi/10.3.1/../../../../arm-none-eabi/lib/thumb/v7e-m+dp/hard\libc_nano.a(lib_a-exit.o)
                              c:/st/stm32cubeide_1.12.0/stm32cubeide/plugins/com.st.stm32cube.ide.mcu.externaltools.gnu-tools-for-stm32.10.3-2021.10.win32_1.0.200.202301161003/tools/bin/../lib/gcc/arm-none-eabi/10.3.1/../../../../arm-none-eabi/lib/thumb/v7e-m+dp/hard/crt0.o (exit)
c:/st/stm32cubeide_1.12.0/stm32cubeide/plugins/com.st.stm32cube.ide.mcu.externaltools.gnu-tools-for-stm32.10.3-2021.10.win32_1.0.200.202301161003/tools/bin/../lib/gcc/arm-none-eabi/10.3.1/../../../../arm-none-eabi/lib/thumb/v7e-m+dp/hard\libc_nano.a(lib_a-impure.o)
                              c:/st/stm32cubeide_1.12.0/stm32cubeide/plugins/com.st.stm32cube.ide.mcu.externaltools.gnu-tools-for-stm32.10.3-2021.10.win32_1.0.200.202301161003/tools/bin/../lib/gcc/arm-none-eabi/10.3.1/../../../../arm-none-eabi/lib/thumb/v7e-m+dp/hard\libc_nano.a(lib_a-exit.o) (_global_impure_ptr)
c:/st/stm32cubeide_1.12.0/stm32cubeide/plugins/com.st.stm32cube.ide.mcu.externaltools.gnu-tools-for-stm32.10.3-2021.10.win32_1.0.200.202301161003/tools/bin/../lib/gcc/arm-none-eabi/10.3.1/../../../../arm-none-eabi/lib/thumb/v7e-m+dp/hard\libc_nano.a(lib_a-init.o)
                              c:/st/stm32cubeide_1.12.0/stm32cubeide/plugins/com.st.stm32cube.ide.mcu.externaltools.gnu-tools-for-stm32.10.3-2021.10.win32_1.0.200.202301161003/tools/bin/../lib/gcc/arm-none-eabi/10.3.1/../../../../arm-none-eabi/lib/thumb/v7e-m+dp/hard/crt0.o (__libc_init_array)
c:/st/stm32cubeide_1.12.0/stm32cubeide/plugins/com.st.stm32cube.ide.mcu.externaltools.gnu-tools-for-stm32.10.3-2021.10.win32_1.0.200.202301161003/tools/bin/../lib/gcc/arm-none-eabi/10.3.1/../../../../arm-none-eabi/lib/thumb/v7e-m+dp/hard\libc_nano.a(lib_a-memset.o)
                              c:/st/stm32cubeide_1.12.0/stm32cubeide/plugins/com.st.stm32cube.ide.mcu.externaltools.gnu-tools-for-stm32.10.3-2021.10.win32_1.0.200.202301161003/tools/bin/../lib/gcc/arm-none-eabi/10.3.1/../../../../arm-none-eabi/lib/thumb/v7e-m+dp/hard/crt0.o (memset)

Discarded input sections

 .text          0x0000000000000000        0x0 c:/st/stm32cubeide_1.12.0/stm32cubeide/plugins/com.st.stm32cube.ide.mcu.externaltools.gnu-tools-for-stm32.10.3-2021.10.win32_1.0.200.202301161003/tools/bin/../lib/gcc/arm-none-eabi/10.3.1/thumb/v7e-m+dp/hard/crti.o
 .data          0x0000000000000000        0x0 c:/st/stm32cubeide_1.12.0/stm32cubeide/plugins/com.st.stm32cube.ide.mcu.externaltools.gnu-tools-for-stm32.10.3-2021.10.win32_1.0.200.202301161003/tools/bin/../lib/gcc/arm-none-eabi/10.3.1/thumb/v7e-m+dp/hard/crti.o
 .bss           0x0000000000000000        0x0 c:/st/stm32cubeide_1.12.0/stm32cubeide/plugins/com.st.stm32cube.ide.mcu.externaltools.gnu-tools-for-stm32.10.3-2021.10.win32_1.0.200.202301161003/tools/bin/../lib/gcc/arm-none-eabi/10.3.1/thumb/v7e-m+dp/hard/crti.o
 .data          0x0000000000000000        0x4 c:/st/stm32cubeide_1.12.0/stm32cubeide/plugins/com.st.stm32cube.ide.mcu.externaltools.gnu-tools-for-stm32.10.3-2021.10.win32_1.0.200.202301161003/tools/bin/../lib/gcc/arm-none-eabi/10.3.1/thumb/v7e-m+dp/hard/crtbegin.o
 .rodata        0x0000000000000000       0x24 c:/st/stm32cubeide_1.12.0/stm32cubeide/plugins/com.st.stm32cube.ide.mcu.externaltools.gnu-tools-for-stm32.10.3-2021.10.win32_1.0.200.202301161003/tools/bin/../lib/gcc/arm-none-eabi/10.3.1/thumb/v7e-m+dp/hard/crtbegin.o
 .text          0x0000000000000000       0x7c c:/st/stm32cubeide_1.12.0/stm32cubeide/plugins/com.st.stm32cube.ide.mcu.externaltools.gnu-tools-for-stm32.10.3-2021.10.win32_1.0.200.202301161003/tools/bin/../lib/gcc/arm-none-eabi/10.3.1/../../../../arm-none-eabi/lib/thumb/v7e-m+dp/hard/crt0.o
 .data          0x0000000000000000        0x0 c:/st/stm32cubeide_1.12.0/stm32cubeide/plugins/com.st.stm32cube.ide.mcu.externaltools.gnu-tools-for-stm32.10.3-2021.10.win32_1.0.200.202301161003/tools/bin/../lib/gcc/arm-none-eabi/10.3.1/../../../../arm-none-eabi/lib/thumb/v7e-m+dp/hard/crt0.o
 .bss           0x0000000000000000        0x0 c:/st/stm32cubeide_1.12.0/stm32cubeide/plugins/com.st.stm32cube.ide.mcu.externaltools.gnu-tools-for-stm32.10.3-2021.10.win32_1.0.200.202301161003/tools/bin/../lib/gcc/arm-none-eabi/10.3.1/../../../../arm-none-eabi/lib/thumb/v7e-m+dp/hard/crt0.o
[...]
Memory Configuration

Name             Origin             Length             Attributes
FLASH            0x0000000008000000 0x0000000000020000 xr
DTCMRAM          0x0000000020000000 0x0000000000020000 xrw
RAM_D1           0x0000000024000000 0x0000000000080000 xrw
RAM_D2           0x0000000030000000 0x0000000000048000 xrw
RAM_D3           0x0000000038000000 0x0000000000010000 xrw
ITCMRAM          0x0000000000000000 0x0000000000010000 xrw
*default*        0x0000000000000000 0xffffffffffffffff

Linker script and memory map

LOAD c:/st/stm32cubeide_1.12.0/stm32cubeide/plugins/com.st.stm32cube.ide.mcu.externaltools.gnu-tools-for-stm32.10.3-2021.10.win32_1.0.200.202301161003/tools/bin/../lib/gcc/arm-none-eabi/10.3.1/thumb/v7e-m+dp/hard/crti.o
LOAD c:/st/stm32cubeide_1.12.0/stm32cubeide/plugins/com.st.stm32cube.ide.mcu.externaltools.gnu-tools-for-stm32.10.3-2021.10.win32_1.0.200.202301161003/tools/bin/../lib/gcc/arm-none-eabi/10.3.1/thumb/v7e-m+dp/hard/crtbegin.o
LOAD c:/st/stm32cubeide_1.12.0/stm32cubeide/plugins/com.st.stm32cube.ide.mcu.externaltools.gnu-tools-for-stm32.10.3-2021.10.win32_1.0.200.202301161003/tools/bin/../lib/gcc/arm-none-eabi/10.3.1/../../../../arm-none-eabi/lib/thumb/v7e-m+dp/hard/crt0.o
LOAD ./Core/Src/gpio.o
LOAD ./Core/Src/main.o
LOAD ./Core/Src/rng.o
LOAD ./Core/Src/stm32h7xx_hal_msp.o
LOAD ./Core/Src/stm32h7xx_it.o
LOAD ./Core/Src/syscalls.o
LOAD ./Core/Src/sysmem.o
LOAD ./Core/Src/system_stm32h7xx.o
LOAD ./Core/Startup/startup_stm32h750vbtx.o
LOAD ./Drivers/CMSIS/system_stm32h7xx.o
LOAD ./Drivers/STM32H7xx_HAL_Driver/Src/stm32h7xx_hal.o
LOAD ./Drivers/STM32H7xx_HAL_Driver/Src/stm32h7xx_hal_cortex.o
LOAD ./Drivers/STM32H7xx_HAL_Driver/Src/stm32h7xx_hal_dma.o
LOAD ./Drivers/STM32H7xx_HAL_Driver/Src/stm32h7xx_hal_dma_ex.o
LOAD ./Drivers/STM32H7xx_HAL_Driver/Src/stm32h7xx_hal_exti.o
LOAD ./Drivers/STM32H7xx_HAL_Driver/Src/stm32h7xx_hal_flash.o
LOAD ./Drivers/STM32H7xx_HAL_Driver/Src/stm32h7xx_hal_flash_ex.o
LOAD ./Drivers/STM32H7xx_HAL_Driver/Src/stm32h7xx_hal_gpio.o
LOAD ./Drivers/STM32H7xx_HAL_Driver/Src/stm32h7xx_hal_hsem.o
LOAD ./Drivers/STM32H7xx_HAL_Driver/Src/stm32h7xx_hal_i2c.o
LOAD ./Drivers/STM32H7xx_HAL_Driver/Src/stm32h7xx_hal_i2c_ex.o
LOAD ./Drivers/STM32H7xx_HAL_Driver/Src/stm32h7xx_hal_mdma.o
LOAD ./Drivers/STM32H7xx_HAL_Driver/Src/stm32h7xx_hal_pwr.o
LOAD ./Drivers/STM32H7xx_HAL_Driver/Src/stm32h7xx_hal_pwr_ex.o
LOAD ./Drivers/STM32H7xx_HAL_Driver/Src/stm32h7xx_hal_rcc.o
LOAD ./Drivers/STM32H7xx_HAL_Driver/Src/stm32h7xx_hal_rcc_ex.o
LOAD ./Drivers/STM32H7xx_HAL_Driver/Src/stm32h7xx_hal_rng.o
LOAD ./Drivers/STM32H7xx_HAL_Driver/Src/stm32h7xx_hal_rng_ex.o
LOAD ./Drivers/STM32H7xx_HAL_Driver/Src/stm32h7xx_hal_tim.o
LOAD ./Drivers/STM32H7xx_HAL_Driver/Src/stm32h7xx_hal_tim_ex.o
LOAD ./Drivers/STM32H7xx_HAL_Driver/stm32h7xx_hal.o
LOAD ./Drivers/STM32H7xx_HAL_Driver/stm32h7xx_hal_cortex.o
LOAD ./Drivers/STM32H7xx_HAL_Driver/stm32h7xx_hal_dma.o
LOAD ./Drivers/STM32H7xx_HAL_Driver/stm32h7xx_hal_dma_ex.o
LOAD ./Drivers/STM32H7xx_HAL_Driver/stm32h7xx_hal_exti.o
LOAD ./Drivers/STM32H7xx_HAL_Driver/stm32h7xx_hal_flash.o
LOAD ./Drivers/STM32H7xx_HAL_Driver/stm32h7xx_hal_flash_ex.o
LOAD ./Drivers/STM32H7xx_HAL_Driver/stm32h7xx_hal_gpio.o
LOAD ./Drivers/STM32H7xx_HAL_Driver/stm32h7xx_hal_hsem.o
LOAD ./Drivers/STM32H7xx_HAL_Driver/stm32h7xx_hal_i2c.o
LOAD ./Drivers/STM32H7xx_HAL_Driver/stm32h7xx_hal_i2c_ex.o
LOAD ./Drivers/STM32H7xx_HAL_Driver/stm32h7xx_hal_mdma.o
LOAD ./Drivers/STM32H7xx_HAL_Driver/stm32h7xx_hal_pwr.o
LOAD ./Drivers/STM32H7xx_HAL_Driver/stm32h7xx_hal_pwr_ex.o
LOAD ./Drivers/STM32H7xx_HAL_Driver/stm32h7xx_hal_rcc.o
LOAD ./Drivers/STM32H7xx_HAL_Driver/stm32h7xx_hal_rcc_ex.o
LOAD ./Drivers/STM32H7xx_HAL_Driver/stm32h7xx_hal_rng.o
LOAD ./Drivers/STM32H7xx_HAL_Driver/stm32h7xx_hal_rng_ex.o
LOAD ./Drivers/STM32H7xx_HAL_Driver/stm32h7xx_hal_tim.o
LOAD ./Drivers/STM32H7xx_HAL_Driver/stm32h7xx_hal_tim_ex.o
START GROUP
LOAD c:/st/stm32cubeide_1.12.0/stm32cubeide/plugins/com.st.stm32cube.ide.mcu.externaltools.gnu-tools-for-stm32.10.3-2021.10.win32_1.0.200.202301161003/tools/bin/../lib/gcc/arm-none-eabi/10.3.1/../../../../arm-none-eabi/lib/thumb/v7e-m+dp/hard\libstdc++_nano.a
LOAD c:/st/stm32cubeide_1.12.0/stm32cubeide/plugins/com.st.stm32cube.ide.mcu.externaltools.gnu-tools-for-stm32.10.3-2021.10.win32_1.0.200.202301161003/tools/bin/../lib/gcc/arm-none-eabi/10.3.1/../../../../arm-none-eabi/lib/thumb/v7e-m+dp/hard\libsupc++_nano.a
END GROUP
LOAD c:/st/stm32cubeide_1.12.0/stm32cubeide/plugins/com.st.stm32cube.ide.mcu.externaltools.gnu-tools-for-stm32.10.3-2021.10.win32_1.0.200.202301161003/tools/bin/../lib/gcc/arm-none-eabi/10.3.1/../../../../arm-none-eabi/lib/thumb/v7e-m+dp/hard\libstdc++_nano.a
LOAD c:/st/stm32cubeide_1.12.0/stm32cubeide/plugins/com.st.stm32cube.ide.mcu.externaltools.gnu-tools-for-stm32.10.3-2021.10.win32_1.0.200.202301161003/tools/bin/../lib/gcc/arm-none-eabi/10.3.1/../../../../arm-none-eabi/lib/thumb/v7e-m+dp/hard\libm.a
LOAD c:/st/stm32cubeide_1.12.0/stm32cubeide/plugins/com.st.stm32cube.ide.mcu.externaltools.gnu-tools-for-stm32.10.3-2021.10.win32_1.0.200.202301161003/tools/bin/../lib/gcc/arm-none-eabi/10.3.1/../../../../arm-none-eabi/lib/thumb/v7e-m+dp/hard\libc_nano.a
START GROUP
LOAD c:/st/stm32cubeide_1.12.0/stm32cubeide/plugins/com.st.stm32cube.ide.mcu.externaltools.gnu-tools-for-stm32.10.3-2021.10.win32_1.0.200.202301161003/tools/bin/../lib/gcc/arm-none-eabi/10.3.1/thumb/v7e-m+dp/hard\libgcc.a
LOAD c:/st/stm32cubeide_1.12.0/stm32cubeide/plugins/com.st.stm32cube.ide.mcu.externaltools.gnu-tools-for-stm32.10.3-2021.10.win32_1.0.200.202301161003/tools/bin/../lib/gcc/arm-none-eabi/10.3.1/../../../../arm-none-eabi/lib/thumb/v7e-m+dp/hard\libc_nano.a
END GROUP
START GROUP
LOAD c:/st/stm32cubeide_1.12.0/stm32cubeide/plugins/com.st.stm32cube.ide.mcu.externaltools.gnu-tools-for-stm32.10.3-2021.10.win32_1.0.200.202301161003/tools/bin/../lib/gcc/arm-none-eabi/10.3.1/thumb/v7e-m+dp/hard\libgcc.a
LOAD c:/st/stm32cubeide_1.12.0/stm32cubeide/plugins/com.st.stm32cube.ide.mcu.externaltools.gnu-tools-for-stm32.10.3-2021.10.win32_1.0.200.202301161003/tools/bin/../lib/gcc/arm-none-eabi/10.3.1/../../../../arm-none-eabi/lib/thumb/v7e-m+dp/hard\libc_nano.a
LOAD c:/st/stm32cubeide_1.12.0/stm32cubeide/plugins/com.st.stm32cube.ide.mcu.externaltools.gnu-tools-for-stm32.10.3-2021.10.win32_1.0.200.202301161003/tools/bin/../lib/gcc/arm-none-eabi/10.3.1/../../../../arm-none-eabi/lib/thumb/v7e-m+dp/hard\libnosys.a
END GROUP
START GROUP
LOAD c:/st/stm32cubeide_1.12.0/stm32cubeide/plugins/com.st.stm32cube.ide.mcu.externaltools.gnu-tools-for-stm32.10.3-2021.10.win32_1.0.200.202301161003/tools/bin/../lib/gcc/arm-none-eabi/10.3.1/thumb/v7e-m+dp/hard\libgcc.a
LOAD c:/st/stm32cubeide_1.12.0/stm32cubeide/plugins/com.st.stm32cube.ide.mcu.externaltools.gnu-tools-for-stm32.10.3-2021.10.win32_1.0.200.202301161003/tools/bin/../lib/gcc/arm-none-eabi/10.3.1/../../../../arm-none-eabi/lib/thumb/v7e-m+dp/hard\libc_nano.a
LOAD c:/st/stm32cubeide_1.12.0/stm32cubeide/plugins/com.st.stm32cube.ide.mcu.externaltools.gnu-tools-for-stm32.10.3-2021.10.win32_1.0.200.202301161003/tools/bin/../lib/gcc/arm-none-eabi/10.3.1/../../../../arm-none-eabi/lib/thumb/v7e-m+dp/hard\libnosys.a
END GROUP
LOAD c:/st/stm32cubeide_1.12.0/stm32cubeide/plugins/com.st.stm32cube.ide.mcu.externaltools.gnu-tools-for-stm32.10.3-2021.10.win32_1.0.200.202301161003/tools/bin/../lib/gcc/arm-none-eabi/10.3.1/thumb/v7e-m+dp/hard/crtend.o
LOAD c:/st/stm32cubeide_1.12.0/stm32cubeide/plugins/com.st.stm32cube.ide.mcu.externaltools.gnu-tools-for-stm32.10.3-2021.10.win32_1.0.200.202301161003/tools/bin/../lib/gcc/arm-none-eabi/10.3.1/thumb/v7e-m+dp/hard/crtn.o
                0x0000000024080000                _estack = (ORIGIN (RAM_D1) + LENGTH (RAM_D1))
                0x0000000000000200                _Min_Heap_Size = 0x200
                0x0000000000000400                _Min_Stack_Size = 0x400

.isr_vector     0x0000000008000000      0x298
                0x0000000008000000                . = ALIGN (0x4)
 *(.isr_vector)
 .isr_vector    0x0000000008000000      0x298 ./Core/Startup/startup_stm32h750vbtx.o
                0x0000000008000000                g_pfnVectors
                0x0000000008000298                . = ALIGN (0x4)

.text           0x0000000008000298     0x2ce0
                0x0000000008000298                . = ALIGN (0x4)
 *(.text)
 .text          0x0000000008000298       0x40 c:/st/stm32cubeide_1.12.0/stm32cubeide/plugins/com.st.stm32cube.ide.mcu.externaltools.gnu-tools-for-stm32.10.3-2021.10.win32_1.0.200.202301161003/tools/bin/../lib/gcc/arm-none-eabi/10.3.1/thumb/v7e-m+dp/hard/crtbegin.o
 *(.text*)
 .text.MX_GPIO_Init
                0x00000000080002d8       0xa8 ./Core/Src/gpio.o
                0x00000000080002d8                MX_GPIO_Init
 .text.main     0x0000000008000380       0x16 ./Core/Src/main.o
                0x0000000008000380                main
 *fill*         0x0000000008000396        0x2 
 .text.SystemClock_Config
                0x0000000008000398       0xfc ./Core/Src/main.o
                0x0000000008000398                SystemClock_Config
 .text.Error_Handler
                0x0000000008000494        0xa ./Core/Src/main.o
                0x0000000008000494                Error_Handler
 *fill*         0x000000000800049e        0x2 
 .text.MX_RNG_Init
                0x00000000080004a0       0x2c ./Core/Src/rng.o
                0x00000000080004a0                MX_RNG_Init
 .text.HAL_RNG_MspInit
                0x00000000080004cc       0x70 ./Core/Src/rng.o
                0x00000000080004cc                HAL_RNG_MspInit
 .text.HAL_MspInit
                0x000000000800053c       0x34 ./Core/Src/stm32h7xx_hal_msp.o
                0x000000000800053c                HAL_MspInit
 .text.NMI_Handler
                0x0000000008000570        0x6 ./Core/Src/stm32h7xx_it.o
                0x0000000008000570                NMI_Handler
 .text.HardFault_Handler
                0x0000000008000576        0x6 ./Core/Src/stm32h7xx_it.o
                0x0000000008000576                HardFault_Handler
 .text.MemManage_Handler
                0x000000000800057c        0x6 ./Core/Src/stm32h7xx_it.o
                0x000000000800057c                MemManage_Handler
 .text.BusFault_Handler
                0x0000000008000582        0x6 ./Core/Src/stm32h7xx_it.o
                0x0000000008000582                BusFault_Handler
 .text.UsageFault_Handler
                0x0000000008000588        0x6 ./Core/Src/stm32h7xx_it.o
                0x0000000008000588                UsageFault_Handler
 .text.SVC_Handler
                0x000000000800058e        0xe ./Core/Src/stm32h7xx_it.o
                0x000000000800058e                SVC_Handler
 .text.DebugMon_Handler
                0x000000000800059c        0xe ./Core/Src/stm32h7xx_it.o
                0x000000000800059c                DebugMon_Handler
 .text.PendSV_Handler
                0x00000000080005aa        0xe ./Core/Src/stm32h7xx_it.o
                0x00000000080005aa                PendSV_Handler
 .text.SysTick_Handler
                0x00000000080005b8        0xc ./Core/Src/stm32h7xx_it.o
                0x00000000080005b8                SysTick_Handler
 .text.SystemInit
                0x00000000080005c4      0x110 ./Core/Src/system_stm32h7xx.o
                0x00000000080005c4                SystemInit
 .text.Reset_Handler
                0x00000000080006d4       0x50 ./Core/Startup/startup_stm32h750vbtx.o
                0x00000000080006d4                Reset_Handler
 .text.Default_Handler
                0x0000000008000724        0x2 ./Core/Startup/startup_stm32h750vbtx.o
                0x0000000008000724                RTC_Alarm_IRQHandler
                0x0000000008000724                HASH_RNG_IRQHandler
                0x0000000008000724                EXTI2_IRQHandler
                0x0000000008000724                TIM8_CC_IRQHandler
                0x0000000008000724                HRTIM1_Master_IRQHandler
                0x0000000008000724                UART8_IRQHandler
                0x0000000008000724                SPI4_IRQHandler
                0x0000000008000724                TIM1_CC_IRQHandler
                0x0000000008000724                BDMA_Channel6_IRQHandler
                0x0000000008000724                DMA2_Stream5_IRQHandler
                0x0000000008000724                HRTIM1_FLT_IRQHandler
                0x0000000008000724                JPEG_IRQHandler
                0x0000000008000724                DMA1_Stream5_IRQHandler
                0x0000000008000724                BDMA_Channel1_IRQHandler
                0x0000000008000724                HRTIM1_TIMD_IRQHandler
                0x0000000008000724                TAMP_STAMP_IRQHandler
                0x0000000008000724                EXTI3_IRQHandler
                0x0000000008000724                LPTIM4_IRQHandler
                0x0000000008000724                TIM8_TRG_COM_TIM14_IRQHandler
                0x0000000008000724                LPTIM2_IRQHandler
                0x0000000008000724                DFSDM1_FLT1_IRQHandler
                0x0000000008000724                DMAMUX2_OVR_IRQHandler
                0x0000000008000724                TIM8_UP_TIM13_IRQHandler
                0x0000000008000724                I2C3_ER_IRQHandler
                0x0000000008000724                DFSDM1_FLT2_IRQHandler
                0x0000000008000724                MDMA_IRQHandler
                0x0000000008000724                LPTIM3_IRQHandler
                0x0000000008000724                HSEM1_IRQHandler
                0x0000000008000724                EXTI0_IRQHandler
                0x0000000008000724                I2C2_EV_IRQHandler
                0x0000000008000724                DMA1_Stream2_IRQHandler
                0x0000000008000724                FPU_IRQHandler
                0x0000000008000724                OTG_HS_WKUP_IRQHandler
                0x0000000008000724                FDCAN1_IT1_IRQHandler
                0x0000000008000724                LTDC_ER_IRQHandler
                0x0000000008000724                DMA2_Stream2_IRQHandler
                0x0000000008000724                HRTIM1_TIME_IRQHandler
                0x0000000008000724                SPI1_IRQHandler
                0x0000000008000724                TIM6_DAC_IRQHandler
                0x0000000008000724                DCMI_IRQHandler
                0x0000000008000724                HRTIM1_TIMC_IRQHandler
                0x0000000008000724                DMA2_Stream3_IRQHandler
                0x0000000008000724                SAI2_IRQHandler
                0x0000000008000724                DFSDM1_FLT3_IRQHandler
                0x0000000008000724                USART6_IRQHandler
                0x0000000008000724                TIM17_IRQHandler
                0x0000000008000724                USART3_IRQHandler
                0x0000000008000724                BDMA_Channel7_IRQHandler
                0x0000000008000724                CRYP_IRQHandler
                0x0000000008000724                LPTIM5_IRQHandler
                0x0000000008000724                UART5_IRQHandler
                0x0000000008000724                ADC3_IRQHandler
                0x0000000008000724                DMA2_Stream0_IRQHandler
                0x0000000008000724                TIM4_IRQHandler
                0x0000000008000724                BDMA_Channel2_IRQHandler
                0x0000000008000724                QUADSPI_IRQHandler
                0x0000000008000724                I2C1_EV_IRQHandler
                0x0000000008000724                DMA1_Stream6_IRQHandler
                0x0000000008000724                DMAMUX1_OVR_IRQHandler
                0x0000000008000724                DMA1_Stream1_IRQHandler
                0x0000000008000724                TIM16_IRQHandler
                0x0000000008000724                UART4_IRQHandler
                0x0000000008000724                BDMA_Channel5_IRQHandler
                0x0000000008000724                TIM3_IRQHandler
                0x0000000008000724                RCC_IRQHandler
                0x0000000008000724                TIM8_BRK_TIM12_IRQHandler
                0x0000000008000724                TIM1_TRG_COM_IRQHandler
                0x0000000008000724                Default_Handler
                0x0000000008000724                ECC_IRQHandler
                0x0000000008000724                CEC_IRQHandler
                0x0000000008000724                EXTI15_10_IRQHandler
                0x0000000008000724                BDMA_Channel0_IRQHandler
                0x0000000008000724                ADC_IRQHandler
                0x0000000008000724                DMA1_Stream7_IRQHandler
                0x0000000008000724                HRTIM1_TIMA_IRQHandler
                0x0000000008000724                SPI5_IRQHandler
                0x0000000008000724                TIM7_IRQHandler
                0x0000000008000724                SDMMC1_IRQHandler
                0x0000000008000724                TIM5_IRQHandler
                0x0000000008000724                DMA2_Stream7_IRQHandler
                0x0000000008000724                TIM15_IRQHandler
                0x0000000008000724                PVD_AVD_IRQHandler
                0x0000000008000724                I2C3_EV_IRQHandler
                0x0000000008000724                EXTI9_5_IRQHandler
                0x0000000008000724                RTC_WKUP_IRQHandler
                0x0000000008000724                LTDC_IRQHandler
                0x0000000008000724                SAI3_IRQHandler
                0x0000000008000724                ETH_WKUP_IRQHandler
                0x0000000008000724                SPDIF_RX_IRQHandler
                0x0000000008000724                SPI2_IRQHandler
                0x0000000008000724                OTG_HS_EP1_IN_IRQHandler
                0x0000000008000724                DMA1_Stream0_IRQHandler
                0x0000000008000724                CRS_IRQHandler
                0x0000000008000724                EXTI4_IRQHandler
                0x0000000008000724                HRTIM1_TIMB_IRQHandler
                0x0000000008000724                FDCAN2_IT1_IRQHandler
                0x0000000008000724                ETH_IRQHandler
                0x0000000008000724                TIM1_UP_IRQHandler
                0x0000000008000724                BDMA_Channel4_IRQHandler
                0x0000000008000724                OTG_HS_EP1_OUT_IRQHandler
                0x0000000008000724                WWDG_IRQHandler
                0x0000000008000724                SPI6_IRQHandler
                0x0000000008000724                MDIOS_IRQHandler
                0x0000000008000724                I2C4_EV_IRQHandler
                0x0000000008000724                FDCAN2_IT0_IRQHandler
                0x0000000008000724                LPUART1_IRQHandler
                0x0000000008000724                FDCAN1_IT0_IRQHandler
                0x0000000008000724                TIM2_IRQHandler
                0x0000000008000724                OTG_FS_WKUP_IRQHandler
                0x0000000008000724                OTG_HS_IRQHandler
                0x0000000008000724                DMA2D_IRQHandler
                0x0000000008000724                TIM1_BRK_IRQHandler
                0x0000000008000724                EXTI1_IRQHandler
                0x0000000008000724                SDMMC2_IRQHandler
                0x0000000008000724                OTG_FS_EP1_OUT_IRQHandler
                0x0000000008000724                BDMA_Channel3_IRQHandler
                0x0000000008000724                UART7_IRQHandler
                0x0000000008000724                MDIOS_WKUP_IRQHandler
                0x0000000008000724                USART2_IRQHandler
                0x0000000008000724                DFSDM1_FLT0_IRQHandler
                0x0000000008000724                SAI4_IRQHandler
                0x0000000008000724                I2C2_ER_IRQHandler
                0x0000000008000724                DMA2_Stream1_IRQHandler
                0x0000000008000724                FLASH_IRQHandler
                0x0000000008000724                DMA2_Stream4_IRQHandler
                0x0000000008000724                USART1_IRQHandler
                0x0000000008000724                OTG_FS_IRQHandler
                0x0000000008000724                SPI3_IRQHandler
                0x0000000008000724                WAKEUP_PIN_IRQHandler
                0x0000000008000724                DMA1_Stream4_IRQHandler
                0x0000000008000724                OTG_FS_EP1_IN_IRQHandler
                0x0000000008000724                I2C1_ER_IRQHandler
                0x0000000008000724                FMC_IRQHandler
                0x0000000008000724                FDCAN_CAL_IRQHandler
                0x0000000008000724                SWPMI1_IRQHandler
                0x0000000008000724                COMP1_IRQHandler
                0x0000000008000724                LPTIM1_IRQHandler
                0x0000000008000724                I2C4_ER_IRQHandler
                0x0000000008000724                DMA2_Stream6_IRQHandler
                0x0000000008000724                SAI1_IRQHandler
                0x0000000008000724                DMA1_Stream3_IRQHandler
 *fill*         0x0000000008000726        0x2 
 .text.HAL_Init
                0x0000000008000728       0x78 ./Drivers/STM32H7xx_HAL_Driver/Src/stm32h7xx_hal.o
                0x0000000008000728                HAL_Init
 .text.HAL_InitTick
                0x00000000080007a0       0x6c ./Drivers/STM32H7xx_HAL_Driver/Src/stm32h7xx_hal.o
                0x00000000080007a0                HAL_InitTick
 .text.HAL_IncTick
                0x000000000800080c       0x28 ./Drivers/STM32H7xx_HAL_Driver/Src/stm32h7xx_hal.o
                0x000000000800080c                HAL_IncTick
 .text.HAL_GetTick
                0x0000000008000834       0x18 ./Drivers/STM32H7xx_HAL_Driver/Src/stm32h7xx_hal.o
                0x0000000008000834                HAL_GetTick
 .text.HAL_GetREVID
                0x000000000800084c       0x18 ./Drivers/STM32H7xx_HAL_Driver/Src/stm32h7xx_hal.o
                0x000000000800084c                HAL_GetREVID
 .text.__NVIC_SetPriorityGrouping
                0x0000000008000864       0x48 ./Drivers/STM32H7xx_HAL_Driver/Src/stm32h7xx_hal_cortex.o
 .text.__NVIC_GetPriorityGrouping
                0x00000000080008ac       0x1c ./Drivers/STM32H7xx_HAL_Driver/Src/stm32h7xx_hal_cortex.o
 .text.__NVIC_SetPriority
                0x00000000080008c8       0x54 ./Drivers/STM32H7xx_HAL_Driver/Src/stm32h7xx_hal_cortex.o
 .text.NVIC_EncodePriority
                0x000000000800091c       0x66 ./Drivers/STM32H7xx_HAL_Driver/Src/stm32h7xx_hal_cortex.o
 *fill*         0x0000000008000982        0x2 
 .text.SysTick_Config
                0x0000000008000984       0x44 ./Drivers/STM32H7xx_HAL_Driver/Src/stm32h7xx_hal_cortex.o
 .text.HAL_NVIC_SetPriorityGrouping
                0x00000000080009c8       0x16 ./Drivers/STM32H7xx_HAL_Driver/Src/stm32h7xx_hal_cortex.o
                0x00000000080009c8                HAL_NVIC_SetPriorityGrouping
 .text.HAL_NVIC_SetPriority
                0x00000000080009de       0x34 ./Drivers/STM32H7xx_HAL_Driver/Src/stm32h7xx_hal_cortex.o
                0x00000000080009de                HAL_NVIC_SetPriority
 .text.HAL_SYSTICK_Config
                0x0000000008000a12       0x18 ./Drivers/STM32H7xx_HAL_Driver/Src/stm32h7xx_hal_cortex.o
                0x0000000008000a12                HAL_SYSTICK_Config
 *fill*         0x0000000008000a2a        0x2 
 .text.HAL_GPIO_Init
                0x0000000008000a2c      0x360 ./Drivers/STM32H7xx_HAL_Driver/Src/stm32h7xx_hal_gpio.o
                0x0000000008000a2c                HAL_GPIO_Init
 .text.HAL_GPIO_WritePin
                0x0000000008000d8c       0x32 ./Drivers/STM32H7xx_HAL_Driver/Src/stm32h7xx_hal_gpio.o
                0x0000000008000d8c                HAL_GPIO_WritePin
 *fill*         0x0000000008000dbe        0x2 
 .text.HAL_PWREx_ConfigSupply
                0x0000000008000dc0       0x74 ./Drivers/STM32H7xx_HAL_Driver/Src/stm32h7xx_hal_pwr_ex.o
                0x0000000008000dc0                HAL_PWREx_ConfigSupply
 .text.HAL_RCC_OscConfig
                0x0000000008000e34      0x85c ./Drivers/STM32H7xx_HAL_Driver/Src/stm32h7xx_hal_rcc.o
                0x0000000008000e34                HAL_RCC_OscConfig
 .text.HAL_RCC_ClockConfig
                0x0000000008001690      0x36c ./Drivers/STM32H7xx_HAL_Driver/Src/stm32h7xx_hal_rcc.o
                0x0000000008001690                HAL_RCC_ClockConfig
 .text.HAL_RCC_GetSysClockFreq
                0x00000000080019fc      0x2f4 ./Drivers/STM32H7xx_HAL_Driver/Src/stm32h7xx_hal_rcc.o
                0x00000000080019fc                HAL_RCC_GetSysClockFreq
 .text.HAL_RCCEx_PeriphCLKConfig
                0x0000000008001cf0      0xe8c ./Drivers/STM32H7xx_HAL_Driver/Src/stm32h7xx_hal_rcc_ex.o
                0x0000000008001cf0                HAL_RCCEx_PeriphCLKConfig
 .text.RCCEx_PLL2_Config
                0x0000000008002b7c      0x164 ./Drivers/STM32H7xx_HAL_Driver/Src/stm32h7xx_hal_rcc_ex.o
 .text.RCCEx_PLL3_Config
                0x0000000008002ce0      0x164 ./Drivers/STM32H7xx_HAL_Driver/Src/stm32h7xx_hal_rcc_ex.o
 .text.HAL_RNG_Init
                0x0000000008002e44       0xc4 ./Drivers/STM32H7xx_HAL_Driver/Src/stm32h7xx_hal_rng.o
                0x0000000008002e44                HAL_RNG_Init
 .text.__libc_init_array
                0x0000000008002f08       0x48 c:/st/stm32cubeide_1.12.0/stm32cubeide/plugins/com.st.stm32cube.ide.mcu.externaltools.gnu-tools-for-stm32.10.3-2021.10.win32_1.0.200.202301161003/tools/bin/../lib/gcc/arm-none-eabi/10.3.1/../../../../arm-none-eabi/lib/thumb/v7e-m+dp/hard\libc_nano.a(lib_a-init.o)
                0x0000000008002f08                __libc_init_array
 .text.memset   0x0000000008002f50       0x10 c:/st/stm32cubeide_1.12.0/stm32cubeide/plugins/com.st.stm32cube.ide.mcu.externaltools.gnu-tools-for-stm32.10.3-2021.10.win32_1.0.200.202301161003/tools/bin/../lib/gcc/arm-none-eabi/10.3.1/../../../../arm-none-eabi/lib/thumb/v7e-m+dp/hard\libc_nano.a(lib_a-memset.o)
                0x0000000008002f50                memset
 *(.glue_7)
 .glue_7        0x0000000008002f60        0x0 linker stubs
 *(.glue_7t)
 .glue_7t       0x0000000008002f60        0x0 linker stubs
 *(.eh_frame)
 .eh_frame      0x0000000008002f60        0x0 c:/st/stm32cubeide_1.12.0/stm32cubeide/plugins/com.st.stm32cube.ide.mcu.externaltools.gnu-tools-for-stm32.10.3-2021.10.win32_1.0.200.202301161003/tools/bin/../lib/gcc/arm-none-eabi/10.3.1/thumb/v7e-m+dp/hard/crtbegin.o
 *(.init)
 .init          0x0000000008002f60        0x4 c:/st/stm32cubeide_1.12.0/stm32cubeide/plugins/com.st.stm32cube.ide.mcu.externaltools.gnu-tools-for-stm32.10.3-2021.10.win32_1.0.200.202301161003/tools/bin/../lib/gcc/arm-none-eabi/10.3.1/thumb/v7e-m+dp/hard/crti.o
                0x0000000008002f60                _init
 .init          0x0000000008002f64        0x8 c:/st/stm32cubeide_1.12.0/stm32cubeide/plugins/com.st.stm32cube.ide.mcu.externaltools.gnu-tools-for-stm32.10.3-2021.10.win32_1.0.200.202301161003/tools/bin/../lib/gcc/arm-none-eabi/10.3.1/thumb/v7e-m+dp/hard/crtn.o
 *(.fini)
 .fini          0x0000000008002f6c        0x4 c:/st/stm32cubeide_1.12.0/stm32cubeide/plugins/com.st.stm32cube.ide.mcu.externaltools.gnu-tools-for-stm32.10.3-2021.10.win32_1.0.200.202301161003/tools/bin/../lib/gcc/arm-none-eabi/10.3.1/thumb/v7e-m+dp/hard/crti.o
                0x0000000008002f6c                _fini
 .fini          0x0000000008002f70        0x8 c:/st/stm32cubeide_1.12.0/stm32cubeide/plugins/com.st.stm32cube.ide.mcu.externaltools.gnu-tools-for-stm32.10.3-2021.10.win32_1.0.200.202301161003/tools/bin/../lib/gcc/arm-none-eabi/10.3.1/thumb/v7e-m+dp/hard/crtn.o
                0x0000000008002f78                . = ALIGN (0x4)
                0x0000000008002f78                _etext = .

.vfp11_veneer   0x0000000008002f78        0x0
 .vfp11_veneer  0x0000000008002f78        0x0 linker stubs

.v4_bx          0x0000000008002f78        0x0
 .v4_bx         0x0000000008002f78        0x0 linker stubs

.iplt           0x0000000008002f78        0x0
 .iplt          0x0000000008002f78        0x0 c:/st/stm32cubeide_1.12.0/stm32cubeide/plugins/com.st.stm32cube.ide.mcu.externaltools.gnu-tools-for-stm32.10.3-2021.10.win32_1.0.200.202301161003/tools/bin/../lib/gcc/arm-none-eabi/10.3.1/thumb/v7e-m+dp/hard/crtbegin.o

.rodata         0x0000000008002f78       0x10
                0x0000000008002f78                . = ALIGN (0x4)
 *(.rodata)
 *(.rodata*)
 .rodata.D1CorePrescTable
                0x0000000008002f78       0x10 ./Core/Src/system_stm32h7xx.o
                0x0000000008002f78                D1CorePrescTable
                0x0000000008002f88                . = ALIGN (0x4)

.rel.dyn        0x0000000008002f88        0x0
 .rel.iplt      0x0000000008002f88        0x0 c:/st/stm32cubeide_1.12.0/stm32cubeide/plugins/com.st.stm32cube.ide.mcu.externaltools.gnu-tools-for-stm32.10.3-2021.10.win32_1.0.200.202301161003/tools/bin/../lib/gcc/arm-none-eabi/10.3.1/thumb/v7e-m+dp/hard/crtbegin.o

.ARM.extab
 *(.ARM.extab* .gnu.linkonce.armextab.*)

.ARM            0x0000000008002f88        0x0
                0x0000000008002f88                __exidx_start = .
 *(.ARM.exidx*)
                0x0000000008002f88                __exidx_end = .

.preinit_array  0x0000000008002f88        0x0
                0x0000000008002f88                PROVIDE (__preinit_array_start = .)
 *(.preinit_array*)
                0x0000000008002f88                PROVIDE (__preinit_array_end = .)

.init_array     0x0000000008002f88        0x4
                0x0000000008002f88                PROVIDE (__init_array_start = .)
 *(SORT_BY_NAME(.init_array.*))
 *(.init_array*)
 .init_array    0x0000000008002f88        0x4 c:/st/stm32cubeide_1.12.0/stm32cubeide/plugins/com.st.stm32cube.ide.mcu.externaltools.gnu-tools-for-stm32.10.3-2021.10.win32_1.0.200.202301161003/tools/bin/../lib/gcc/arm-none-eabi/10.3.1/thumb/v7e-m+dp/hard/crtbegin.o
                0x0000000008002f8c                PROVIDE (__init_array_end = .)

.fini_array     0x0000000008002f8c        0x4
                [!provide]                        PROVIDE (__fini_array_start = .)
 *(SORT_BY_NAME(.fini_array.*))
 *(.fini_array*)
 .fini_array    0x0000000008002f8c        0x4 c:/st/stm32cubeide_1.12.0/stm32cubeide/plugins/com.st.stm32cube.ide.mcu.externaltools.gnu-tools-for-stm32.10.3-2021.10.win32_1.0.200.202301161003/tools/bin/../lib/gcc/arm-none-eabi/10.3.1/thumb/v7e-m+dp/hard/crtbegin.o
                [!provide]                        PROVIDE (__fini_array_end = .)
                0x0000000008002f90                _sidata = LOADADDR (.data)

.data           0x0000000024000000       0x10 load address 0x0000000008002f90
                0x0000000024000000                . = ALIGN (0x4)
                0x0000000024000000                _sdata = .
 *(.data)
 *(.data*)
 .data.SystemCoreClock
                0x0000000024000000        0x4 ./Core/Src/system_stm32h7xx.o
                0x0000000024000000                SystemCoreClock
 .data.SystemD2Clock
                0x0000000024000004        0x4 ./Core/Src/system_stm32h7xx.o
                0x0000000024000004                SystemD2Clock
 .data.uwTickPrio
                0x0000000024000008        0x4 ./Drivers/STM32H7xx_HAL_Driver/Src/stm32h7xx_hal.o
                0x0000000024000008                uwTickPrio
 .data.uwTickFreq
                0x000000002400000c        0x1 ./Drivers/STM32H7xx_HAL_Driver/Src/stm32h7xx_hal.o
                0x000000002400000c                uwTickFreq
 *(.RamFunc)
 *(.RamFunc*)
                0x0000000024000010                . = ALIGN (0x4)
 *fill*         0x000000002400000d        0x3 
                0x0000000024000010                _edata = .

.igot.plt       0x0000000024000010        0x0 load address 0x0000000008002fa0
 .igot.plt      0x0000000024000010        0x0 c:/st/stm32cubeide_1.12.0/stm32cubeide/plugins/com.st.stm32cube.ide.mcu.externaltools.gnu-tools-for-stm32.10.3-2021.10.win32_1.0.200.202301161003/tools/bin/../lib/gcc/arm-none-eabi/10.3.1/thumb/v7e-m+dp/hard/crtbegin.o
                0x0000000024000010                . = ALIGN (0x4)

.bss            0x0000000024000010       0x34 load address 0x0000000008002fa0
                0x0000000024000010                _sbss = .
                0x0000000024000010                __bss_start__ = _sbss
 *(.bss)
 .bss           0x0000000024000010       0x1c c:/st/stm32cubeide_1.12.0/stm32cubeide/plugins/com.st.stm32cube.ide.mcu.externaltools.gnu-tools-for-stm32.10.3-2021.10.win32_1.0.200.202301161003/tools/bin/../lib/gcc/arm-none-eabi/10.3.1/thumb/v7e-m+dp/hard/crtbegin.o
 *(.bss*)
 .bss.hrng      0x000000002400002c       0x14 ./Core/Src/rng.o
                0x000000002400002c                hrng
 .bss.uwTick    0x0000000024000040        0x4 ./Drivers/STM32H7xx_HAL_Driver/Src/stm32h7xx_hal.o
                0x0000000024000040                uwTick
 *(COMMON)
                0x0000000024000044                . = ALIGN (0x4)
                0x0000000024000044                _ebss = .
                0x0000000024000044                __bss_end__ = _ebss

._user_heap_stack
                0x0000000024000044      0x604 load address 0x0000000008002fa0
                0x0000000024000048                . = ALIGN (0x8)
 *fill*         0x0000000024000044        0x4 
                [!provide]                        PROVIDE (end = .)
                0x0000000024000048                PROVIDE (_end = .)
                0x0000000024000248                . = (. + _Min_Heap_Size)
 *fill*         0x0000000024000048      0x200 
                0x0000000024000648                . = (. + _Min_Stack_Size)
 *fill*         0x0000000024000248      0x400 
                0x0000000024000648                . = ALIGN (0x8)

/DISCARD/
 libc.a(*)
 libm.a(*)
 libgcc.a(*)

.ARM.attributes
                0x0000000000000000       0x2e
 *(.ARM.attributes)
 .ARM.attributes
                0x0000000000000000       0x1e c:/st/stm32cubeide_1.12.0/stm32cubeide/plugins/com.st.stm32cube.ide.mcu.externaltools.gnu-tools-for-stm32.10.3-2021.10.win32_1.0.200.202301161003/tools/bin/../lib/gcc/arm-none-eabi/10.3.1/thumb/v7e-m+dp/hard/crti.o
 .ARM.attributes
                0x000000000000001e       0x32 c:/st/stm32cubeide_1.12.0/stm32cubeide/plugins/com.st.stm32cube.ide.mcu.externaltools.gnu-tools-for-stm32.10.3-2021.10.win32_1.0.200.202301161003/tools/bin/../lib/gcc/arm-none-eabi/10.3.1/thumb/v7e-m+dp/hard/crtbegin.o
 .ARM.attributes
                0x0000000000000050       0x32 ./Core/Src/gpio.o
 .ARM.attributes
                0x0000000000000082       0x32 ./Core/Src/main.o
 .ARM.attributes
                0x00000000000000b4       0x32 ./Core/Src/rng.o
 .ARM.attributes
                0x00000000000000e6       0x32 ./Core/Src/stm32h7xx_hal_msp.o
 .ARM.attributes
                0x0000000000000118       0x32 ./Core/Src/stm32h7xx_it.o
 .ARM.attributes
                0x000000000000014a       0x32 ./Core/Src/system_stm32h7xx.o
 .ARM.attributes
                0x000000000000017c       0x21 ./Core/Startup/startup_stm32h750vbtx.o
 .ARM.attributes
                0x000000000000019d       0x32 ./Drivers/STM32H7xx_HAL_Driver/Src/stm32h7xx_hal.o
 .ARM.attributes
                0x00000000000001cf       0x32 ./Drivers/STM32H7xx_HAL_Driver/Src/stm32h7xx_hal_cortex.o
 .ARM.attributes
                0x0000000000000201       0x32 ./Drivers/STM32H7xx_HAL_Driver/Src/stm32h7xx_hal_gpio.o
 .ARM.attributes
                0x0000000000000233       0x32 ./Drivers/STM32H7xx_HAL_Driver/Src/stm32h7xx_hal_pwr_ex.o
 .ARM.attributes
                0x0000000000000265       0x32 ./Drivers/STM32H7xx_HAL_Driver/Src/stm32h7xx_hal_rcc.o
 .ARM.attributes
                0x0000000000000297       0x32 ./Drivers/STM32H7xx_HAL_Driver/Src/stm32h7xx_hal_rcc_ex.o
 .ARM.attributes
                0x00000000000002c9       0x32 ./Drivers/STM32H7xx_HAL_Driver/Src/stm32h7xx_hal_rng.o
 .ARM.attributes
                0x00000000000002fb       0x32 c:/st/stm32cubeide_1.12.0/stm32cubeide/plugins/com.st.stm32cube.ide.mcu.externaltools.gnu-tools-for-stm32.10.3-2021.10.win32_1.0.200.202301161003/tools/bin/../lib/gcc/arm-none-eabi/10.3.1/../../../../arm-none-eabi/lib/thumb/v7e-m+dp/hard\libc_nano.a(lib_a-init.o)
 .ARM.attributes
                0x000000000000032d       0x32 c:/st/stm32cubeide_1.12.0/stm32cubeide/plugins/com.st.stm32cube.ide.mcu.externaltools.gnu-tools-for-stm32.10.3-2021.10.win32_1.0.200.202301161003/tools/bin/../lib/gcc/arm-none-eabi/10.3.1/../../../../arm-none-eabi/lib/thumb/v7e-m+dp/hard\libc_nano.a(lib_a-memset.o)
 .ARM.attributes
                0x000000000000035f       0x1e c:/st/stm32cubeide_1.12.0/stm32cubeide/plugins/com.st.stm32cube.ide.mcu.externaltools.gnu-tools-for-stm32.10.3-2021.10.win32_1.0.200.202301161003/tools/bin/../lib/gcc/arm-none-eabi/10.3.1/thumb/v7e-m+dp/hard/crtn.o
OUTPUT(mx_cube1.elf elf32-littlearm)
LOAD linker stubs
LOAD c:/st/stm32cubeide_1.12.0/stm32cubeide/plugins/com.st.stm32cube.ide.mcu.externaltools.gnu-tools-for-stm32.10.3-2021.10.win32_1.0.200.202301161003/tools/bin/../lib/gcc/arm-none-eabi/10.3.1/../../../../arm-none-eabi/lib/thumb/v7e-m+dp/hard\libc.a
LOAD c:/st/stm32cubeide_1.12.0/stm32cubeide/plugins/com.st.stm32cube.ide.mcu.externaltools.gnu-tools-for-stm32.10.3-2021.10.win32_1.0.200.202301161003/tools/bin/../lib/gcc/arm-none-eabi/10.3.1/../../../../arm-none-eabi/lib/thumb/v7e-m+dp/hard\libm.a
LOAD c:/st/stm32cubeide_1.12.0/stm32cubeide/plugins/com.st.stm32cube.ide.mcu.externaltools.gnu-tools-for-stm32.10.3-2021.10.win32_1.0.200.202301161003/tools/bin/../lib/gcc/arm-none-eabi/10.3.1/thumb/v7e-m+dp/hard\libgcc.a

.debug_info     0x0000000000000000     0x9517
 .debug_info    0x0000000000000000      0x66e ./Core/Src/gpio.o
 .debug_info    0x000000000000066e      0x664 ./Core/Src/main.o
 .debug_info    0x0000000000000cd2      0x988 ./Core/Src/rng.o
 .debug_info    0x000000000000165a      0x4a4 ./Core/Src/stm32h7xx_hal_msp.o
 .debug_info    0x0000000000001afe      0x137 ./Core/Src/stm32h7xx_it.o
 .debug_info    0x0000000000001c35      0xd07 ./Core/Src/system_stm32h7xx.o
 .debug_info    0x000000000000293c       0x22 ./Core/Startup/startup_stm32h750vbtx.o
 .debug_info    0x000000000000295e     0x15dd ./Drivers/STM32H7xx_HAL_Driver/Src/stm32h7xx_hal.o
 .debug_info    0x0000000000003f3b     0x1173 ./Drivers/STM32H7xx_HAL_Driver/Src/stm32h7xx_hal_cortex.o
 .debug_info    0x00000000000050ae      0xd28 ./Drivers/STM32H7xx_HAL_Driver/Src/stm32h7xx_hal_gpio.o
 .debug_info    0x0000000000005dd6     0x109d ./Drivers/STM32H7xx_HAL_Driver/Src/stm32h7xx_hal_pwr_ex.o
 .debug_info    0x0000000000006e73      0xf4a ./Drivers/STM32H7xx_HAL_Driver/Src/stm32h7xx_hal_rcc.o
 .debug_info    0x0000000000007dbd     0x12b4 ./Drivers/STM32H7xx_HAL_Driver/Src/stm32h7xx_hal_rcc_ex.o
 .debug_info    0x0000000000009071      0x4a6 ./Drivers/STM32H7xx_HAL_Driver/Src/stm32h7xx_hal_rng.o

.debug_abbrev   0x0000000000000000     0x18c8
 .debug_abbrev  0x0000000000000000      0x17b ./Core/Src/gpio.o
 .debug_abbrev  0x000000000000017b      0x1f2 ./Core/Src/main.o
 .debug_abbrev  0x000000000000036d      0x1ca ./Core/Src/rng.o
 .debug_abbrev  0x0000000000000537       0xda ./Core/Src/stm32h7xx_hal_msp.o
 .debug_abbrev  0x0000000000000611       0x74 ./Core/Src/stm32h7xx_it.o
 .debug_abbrev  0x0000000000000685      0x147 ./Core/Src/system_stm32h7xx.o
 .debug_abbrev  0x00000000000007cc       0x12 ./Core/Startup/startup_stm32h750vbtx.o
 .debug_abbrev  0x00000000000007de      0x289 ./Drivers/STM32H7xx_HAL_Driver/Src/stm32h7xx_hal.o
 .debug_abbrev  0x0000000000000a67      0x329 ./Drivers/STM32H7xx_HAL_Driver/Src/stm32h7xx_hal_cortex.o
 .debug_abbrev  0x0000000000000d90      0x1ec ./Drivers/STM32H7xx_HAL_Driver/Src/stm32h7xx_hal_gpio.o
 .debug_abbrev  0x0000000000000f7c      0x28f ./Drivers/STM32H7xx_HAL_Driver/Src/stm32h7xx_hal_pwr_ex.o
 .debug_abbrev  0x000000000000120b      0x2b8 ./Drivers/STM32H7xx_HAL_Driver/Src/stm32h7xx_hal_rcc.o
 .debug_abbrev  0x00000000000014c3      0x25c ./Drivers/STM32H7xx_HAL_Driver/Src/stm32h7xx_hal_rcc_ex.o
 .debug_abbrev  0x000000000000171f      0x1a9 ./Drivers/STM32H7xx_HAL_Driver/Src/stm32h7xx_hal_rng.o

.debug_aranges  0x0000000000000000      0x7b0
 .debug_aranges
                0x0000000000000000       0x20 ./Core/Src/gpio.o
 .debug_aranges
                0x0000000000000020       0x30 ./Core/Src/main.o
 .debug_aranges
                0x0000000000000050       0x30 ./Core/Src/rng.o
 .debug_aranges
                0x0000000000000080       0x20 ./Core/Src/stm32h7xx_hal_msp.o
 .debug_aranges
                0x00000000000000a0       0x60 ./Core/Src/stm32h7xx_it.o
 .debug_aranges
                0x0000000000000100       0x28 ./Core/Src/system_stm32h7xx.o
 .debug_aranges
                0x0000000000000128       0x28 ./Core/Startup/startup_stm32h750vbtx.o
 .debug_aranges
                0x0000000000000150      0x198 ./Drivers/STM32H7xx_HAL_Driver/Src/stm32h7xx_hal.o
 .debug_aranges
                0x00000000000002e8      0x120 ./Drivers/STM32H7xx_HAL_Driver/Src/stm32h7xx_hal_cortex.o
 .debug_aranges
                0x0000000000000408       0x58 ./Drivers/STM32H7xx_HAL_Driver/Src/stm32h7xx_hal_gpio.o
 .debug_aranges
                0x0000000000000460      0x158 ./Drivers/STM32H7xx_HAL_Driver/Src/stm32h7xx_hal_pwr_ex.o
 .debug_aranges
                0x00000000000005b8       0x88 ./Drivers/STM32H7xx_HAL_Driver/Src/stm32h7xx_hal_rcc.o
 .debug_aranges
                0x0000000000000640       0xf8 ./Drivers/STM32H7xx_HAL_Driver/Src/stm32h7xx_hal_rcc_ex.o
 .debug_aranges
                0x0000000000000738       0x78 ./Drivers/STM32H7xx_HAL_Driver/Src/stm32h7xx_hal_rng.o

.debug_ranges   0x0000000000000000      0x6d8
 .debug_ranges  0x0000000000000000       0x10 ./Core/Src/gpio.o
 .debug_ranges  0x0000000000000010       0x20 ./Core/Src/main.o
 .debug_ranges  0x0000000000000030       0x20 ./Core/Src/rng.o
 .debug_ranges  0x0000000000000050       0x10 ./Core/Src/stm32h7xx_hal_msp.o
 .debug_ranges  0x0000000000000060       0x50 ./Core/Src/stm32h7xx_it.o
 .debug_ranges  0x00000000000000b0       0x18 ./Core/Src/system_stm32h7xx.o
 .debug_ranges  0x00000000000000c8       0x20 ./Core/Startup/startup_stm32h750vbtx.o
 .debug_ranges  0x00000000000000e8      0x188 ./Drivers/STM32H7xx_HAL_Driver/Src/stm32h7xx_hal.o
 .debug_ranges  0x0000000000000270      0x110 ./Drivers/STM32H7xx_HAL_Driver/Src/stm32h7xx_hal_cortex.o
 .debug_ranges  0x0000000000000380       0x48 ./Drivers/STM32H7xx_HAL_Driver/Src/stm32h7xx_hal_gpio.o
 .debug_ranges  0x00000000000003c8      0x148 ./Drivers/STM32H7xx_HAL_Driver/Src/stm32h7xx_hal_pwr_ex.o
 .debug_ranges  0x0000000000000510       0x78 ./Drivers/STM32H7xx_HAL_Driver/Src/stm32h7xx_hal_rcc.o
 .debug_ranges  0x0000000000000588       0xe8 ./Drivers/STM32H7xx_HAL_Driver/Src/stm32h7xx_hal_rcc_ex.o
 .debug_ranges  0x0000000000000670       0x68 ./Drivers/STM32H7xx_HAL_Driver/Src/stm32h7xx_hal_rng.o

.debug_macro    0x0000000000000000    0x35438
 .debug_macro   0x0000000000000000      0x2a3 ./Core/Src/gpio.o
 .debug_macro   0x00000000000002a3      0xa90 ./Core/Src/gpio.o
 .debug_macro   0x0000000000000d33      0x232 ./Core/Src/gpio.o
 .debug_macro   0x0000000000000f65       0x2e ./Core/Src/gpio.o
 .debug_macro   0x0000000000000f93       0x3b ./Core/Src/gpio.o
 .debug_macro   0x0000000000000fce       0x22 ./Core/Src/gpio.o
 .debug_macro   0x0000000000000ff0       0x8e ./Core/Src/gpio.o
 .debug_macro   0x000000000000107e       0x51 ./Core/Src/gpio.o
 .debug_macro   0x00000000000010cf      0x103 ./Core/Src/gpio.o
 .debug_macro   0x00000000000011d2       0x6a ./Core/Src/gpio.o
 .debug_macro   0x000000000000123c      0x1df ./Core/Src/gpio.o
 .debug_macro   0x000000000000141b       0x1c ./Core/Src/gpio.o
 .debug_macro   0x0000000000001437       0x22 ./Core/Src/gpio.o
 .debug_macro   0x0000000000001459       0xfb ./Core/Src/gpio.o
 .debug_macro   0x0000000000001554     0x1305 ./Core/Src/gpio.o
 .debug_macro   0x0000000000002859      0x11f ./Core/Src/gpio.o
 .debug_macro   0x0000000000002978       0x27 ./Core/Src/gpio.o
 .debug_macro   0x000000000000299f    0x25e6f ./Core/Src/gpio.o
 .debug_macro   0x000000000002880e       0x6d ./Core/Src/gpio.o
 .debug_macro   0x000000000002887b     0x3d22 ./Core/Src/gpio.o
 .debug_macro   0x000000000002c59d      0x174 ./Core/Src/gpio.o
 .debug_macro   0x000000000002c711       0x52 ./Core/Src/gpio.o
 .debug_macro   0x000000000002c763       0x1d ./Core/Src/gpio.o
 .debug_macro   0x000000000002c780       0x3c ./Core/Src/gpio.o
 .debug_macro   0x000000000002c7bc       0x34 ./Core/Src/gpio.o
 .debug_macro   0x000000000002c7f0       0x16 ./Core/Src/gpio.o
 .debug_macro   0x000000000002c806       0x43 ./Core/Src/gpio.o
 .debug_macro   0x000000000002c849       0x34 ./Core/Src/gpio.o
 .debug_macro   0x000000000002c87d       0x10 ./Core/Src/gpio.o
 .debug_macro   0x000000000002c88d       0x58 ./Core/Src/gpio.o
 .debug_macro   0x000000000002c8e5       0x71 ./Core/Src/gpio.o
 .debug_macro   0x000000000002c956       0x1c ./Core/Src/gpio.o
 .debug_macro   0x000000000002c972      0x12a ./Core/Src/gpio.o
 .debug_macro   0x000000000002ca9c      0x341 ./Core/Src/gpio.o
 .debug_macro   0x000000000002cddd      0x19b ./Core/Src/gpio.o
 .debug_macro   0x000000000002cf78       0x5d ./Core/Src/gpio.o
 .debug_macro   0x000000000002cfd5     0x240e ./Core/Src/gpio.o
 .debug_macro   0x000000000002f3e3     0x1002 ./Core/Src/gpio.o
 .debug_macro   0x00000000000303e5      0x14d ./Core/Src/gpio.o
 .debug_macro   0x0000000000030532      0x114 ./Core/Src/gpio.o
 .debug_macro   0x0000000000030646      0x3b2 ./Core/Src/gpio.o
 .debug_macro   0x00000000000309f8       0xac ./Core/Src/gpio.o
 .debug_macro   0x0000000000030aa4      0x72d ./Core/Src/gpio.o
 .debug_macro   0x00000000000311d1      0x228 ./Core/Src/gpio.o
 .debug_macro   0x00000000000313f9       0x66 ./Core/Src/gpio.o
 .debug_macro   0x000000000003145f      0x3bb ./Core/Src/gpio.o
 .debug_macro   0x000000000003181a      0x3e4 ./Core/Src/gpio.o
 .debug_macro   0x0000000000031bfe      0x275 ./Core/Src/gpio.o
 .debug_macro   0x0000000000031e73      0x3ca ./Core/Src/gpio.o
 .debug_macro   0x000000000003223d      0x3de ./Core/Src/gpio.o
 .debug_macro   0x000000000003261b       0x3c ./Core/Src/gpio.o
 .debug_macro   0x0000000000032657       0x4a ./Core/Src/gpio.o
 .debug_macro   0x00000000000326a1      0x22c ./Core/Src/gpio.o
 .debug_macro   0x00000000000328cd       0x67 ./Core/Src/gpio.o
 .debug_macro   0x0000000000032934       0xa5 ./Core/Src/gpio.o
 .debug_macro   0x00000000000329d9      0x1c4 ./Core/Src/gpio.o
 .debug_macro   0x0000000000032b9d      0x25e ./Core/Src/gpio.o
 .debug_macro   0x0000000000032dfb       0x35 ./Core/Src/gpio.o
 .debug_macro   0x0000000000032e30       0xb9 ./Core/Src/gpio.o
 .debug_macro   0x0000000000032ee9      0x5a0 ./Core/Src/gpio.o
 .debug_macro   0x0000000000033489       0x10 ./Core/Src/gpio.o
 .debug_macro   0x0000000000033499      0x2b1 ./Core/Src/main.o
 .debug_macro   0x000000000003374a      0x2a3 ./Core/Src/rng.o
 .debug_macro   0x00000000000339ed      0x299 ./Core/Src/stm32h7xx_hal_msp.o
 .debug_macro   0x0000000000033c86      0x2a3 ./Core/Src/stm32h7xx_it.o
 .debug_macro   0x0000000000033f29      0x28a ./Core/Src/system_stm32h7xx.o
 .debug_macro   0x00000000000341b3      0x2b4 ./Drivers/STM32H7xx_HAL_Driver/Src/stm32h7xx_hal.o
 .debug_macro   0x0000000000034467      0x28a ./Drivers/STM32H7xx_HAL_Driver/Src/stm32h7xx_hal_cortex.o
 .debug_macro   0x00000000000346f1      0x291 ./Drivers/STM32H7xx_HAL_Driver/Src/stm32h7xx_hal_gpio.o
 .debug_macro   0x0000000000034982      0x2c3 ./Drivers/STM32H7xx_HAL_Driver/Src/stm32h7xx_hal_pwr_ex.o
 .debug_macro   0x0000000000034c45      0x2ae ./Drivers/STM32H7xx_HAL_Driver/Src/stm32h7xx_hal_rcc.o
 .debug_macro   0x0000000000034ef3      0x2a8 ./Drivers/STM32H7xx_HAL_Driver/Src/stm32h7xx_hal_rcc_ex.o
 .debug_macro   0x000000000003519b      0x29d ./Drivers/STM32H7xx_HAL_Driver/Src/stm32h7xx_hal_rng.o

.debug_line     0x0000000000000000     0xa34b
 .debug_line    0x0000000000000000      0x817 ./Core/Src/gpio.o
 .debug_line    0x0000000000000817      0x8ac ./Core/Src/main.o
 .debug_line    0x00000000000010c3      0x85b ./Core/Src/rng.o
 .debug_line    0x000000000000191e      0x807 ./Core/Src/stm32h7xx_hal_msp.o
 .debug_line    0x0000000000002125      0x8cb ./Core/Src/stm32h7xx_it.o
 .debug_line    0x00000000000029f0      0x9b8 ./Core/Src/system_stm32h7xx.o
 .debug_line    0x00000000000033a8       0x88 ./Core/Startup/startup_stm32h750vbtx.o
 .debug_line    0x0000000000003430      0xdb6 ./Drivers/STM32H7xx_HAL_Driver/Src/stm32h7xx_hal.o
 .debug_line    0x00000000000041e6      0xdbc ./Drivers/STM32H7xx_HAL_Driver/Src/stm32h7xx_hal_cortex.o
 .debug_line    0x0000000000004fa2      0xc79 ./Drivers/STM32H7xx_HAL_Driver/Src/stm32h7xx_hal_gpio.o
 .debug_line    0x0000000000005c1b      0xed0 ./Drivers/STM32H7xx_HAL_Driver/Src/stm32h7xx_hal_pwr_ex.o
 .debug_line    0x0000000000006aeb     0x1324 ./Drivers/STM32H7xx_HAL_Driver/Src/stm32h7xx_hal_rcc.o
 .debug_line    0x0000000000007e0f     0x1ade ./Drivers/STM32H7xx_HAL_Driver/Src/stm32h7xx_hal_rcc_ex.o
 .debug_line    0x00000000000098ed      0xa5e ./Drivers/STM32H7xx_HAL_Driver/Src/stm32h7xx_hal_rng.o

.debug_str      0x0000000000000000   0x150810
 .debug_str     0x0000000000000000   0x14d7e5 ./Core/Src/gpio.o
                                     0x14dc2c (size before relaxing)
 .debug_str     0x000000000014d7e5      0x2f7 ./Core/Src/main.o
                                     0x14dc61 (size before relaxing)
 .debug_str     0x000000000014dadc      0x45c ./Core/Src/rng.o
                                     0x14e055 (size before relaxing)
 .debug_str     0x000000000014df38       0x2c ./Core/Src/stm32h7xx_hal_msp.o
                                     0x14db61 (size before relaxing)
 .debug_str     0x000000000014df64       0xc9 ./Core/Src/stm32h7xx_it.o
                                     0x14d9c0 (size before relaxing)
 .debug_str     0x000000000014e02d      0x344 ./Core/Src/system_stm32h7xx.o
                                     0x14de6d (size before relaxing)
 .debug_str     0x000000000014e371       0x36 ./Core/Startup/startup_stm32h750vbtx.o
                                         0x71 (size before relaxing)
 .debug_str     0x000000000014e3a7      0xfd4 ./Drivers/STM32H7xx_HAL_Driver/Src/stm32h7xx_hal.o
                                     0x14ed92 (size before relaxing)
 .debug_str     0x000000000014f37b      0x364 ./Drivers/STM32H7xx_HAL_Driver/Src/stm32h7xx_hal_cortex.o
                                     0x14e795 (size before relaxing)
 .debug_str     0x000000000014f6df      0x101 ./Drivers/STM32H7xx_HAL_Driver/Src/stm32h7xx_hal_gpio.o
                                     0x14de24 (size before relaxing)
 .debug_str     0x000000000014f7e0      0x642 ./Drivers/STM32H7xx_HAL_Driver/Src/stm32h7xx_hal_pwr_ex.o
                                     0x14e2e5 (size before relaxing)
 .debug_str     0x000000000014fe22      0x22e ./Drivers/STM32H7xx_HAL_Driver/Src/stm32h7xx_hal_rcc.o
                                     0x14e208 (size before relaxing)
 .debug_str     0x0000000000150050      0x65d ./Drivers/STM32H7xx_HAL_Driver/Src/stm32h7xx_hal_rcc_ex.o
                                     0x14e6c0 (size before relaxing)
 .debug_str     0x00000000001506ad      0x163 ./Drivers/STM32H7xx_HAL_Driver/Src/stm32h7xx_hal_rng.o
                                     0x14dbe0 (size before relaxing)

.comment        0x0000000000000000       0x50
 .comment       0x0000000000000000       0x50 ./Core/Src/gpio.o
                                         0x51 (size before relaxing)
 .comment       0x0000000000000050       0x51 ./Core/Src/main.o
 .comment       0x0000000000000050       0x51 ./Core/Src/rng.o
 .comment       0x0000000000000050       0x51 ./Core/Src/stm32h7xx_hal_msp.o
 .comment       0x0000000000000050       0x51 ./Core/Src/stm32h7xx_it.o
 .comment       0x0000000000000050       0x51 ./Core/Src/system_stm32h7xx.o
 .comment       0x0000000000000050       0x51 ./Drivers/STM32H7xx_HAL_Driver/Src/stm32h7xx_hal.o
 .comment       0x0000000000000050       0x51 ./Drivers/STM32H7xx_HAL_Driver/Src/stm32h7xx_hal_cortex.o
 .comment       0x0000000000000050       0x51 ./Drivers/STM32H7xx_HAL_Driver/Src/stm32h7xx_hal_gpio.o
 .comment       0x0000000000000050       0x51 ./Drivers/STM32H7xx_HAL_Driver/Src/stm32h7xx_hal_pwr_ex.o
 .comment       0x0000000000000050       0x51 ./Drivers/STM32H7xx_HAL_Driver/Src/stm32h7xx_hal_rcc.o
 .comment       0x0000000000000050       0x51 ./Drivers/STM32H7xx_HAL_Driver/Src/stm32h7xx_hal_rcc_ex.o
 .comment       0x0000000000000050       0x51 ./Drivers/STM32H7xx_HAL_Driver/Src/stm32h7xx_hal_rng.o

.debug_frame    0x0000000000000000     0x1cd4
 .debug_frame   0x0000000000000000       0x34 ./Core/Src/gpio.o
 .debug_frame   0x0000000000000034       0x68 ./Core/Src/main.o
 .debug_frame   0x000000000000009c       0x78 ./Core/Src/rng.o
 .debug_frame   0x0000000000000114       0x38 ./Core/Src/stm32h7xx_hal_msp.o
 .debug_frame   0x000000000000014c      0x104 ./Core/Src/stm32h7xx_it.o
 .debug_frame   0x0000000000000250       0x58 ./Core/Src/system_stm32h7xx.o
 .debug_frame   0x00000000000002a8      0x690 ./Drivers/STM32H7xx_HAL_Driver/Src/stm32h7xx_hal.o
 .debug_frame   0x0000000000000938      0x4b8 ./Drivers/STM32H7xx_HAL_Driver/Src/stm32h7xx_hal_cortex.o
 .debug_frame   0x0000000000000df0      0x14c ./Drivers/STM32H7xx_HAL_Driver/Src/stm32h7xx_hal_gpio.o
 .debug_frame   0x0000000000000f3c      0x580 ./Drivers/STM32H7xx_HAL_Driver/Src/stm32h7xx_hal_pwr_ex.o
 .debug_frame   0x00000000000014bc      0x1f8 ./Drivers/STM32H7xx_HAL_Driver/Src/stm32h7xx_hal_rcc.o
 .debug_frame   0x00000000000016b4      0x3f4 ./Drivers/STM32H7xx_HAL_Driver/Src/stm32h7xx_hal_rcc_ex.o
 .debug_frame   0x0000000000001aa8      0x1e0 ./Drivers/STM32H7xx_HAL_Driver/Src/stm32h7xx_hal_rng.o
 .debug_frame   0x0000000000001c88       0x2c c:/st/stm32cubeide_1.12.0/stm32cubeide/plugins/com.st.stm32cube.ide.mcu.externaltools.gnu-tools-for-stm32.10.3-2021.10.win32_1.0.200.202301161003/tools/bin/../lib/gcc/arm-none-eabi/10.3.1/../../../../arm-none-eabi/lib/thumb/v7e-m+dp/hard\libc_nano.a(lib_a-init.o)
 .debug_frame   0x0000000000001cb4       0x20 c:/st/stm32cubeide_1.12.0/stm32cubeide/plugins/com.st.stm32cube.ide.mcu.externaltools.gnu-tools-for-stm32.10.3-2021.10.win32_1.0.200.202301161003/tools/bin/../lib/gcc/arm-none-eabi/10.3.1/../../../../arm-none-eabi/lib/thumb/v7e-m+dp/hard\libc_nano.a(lib_a-memset.o)
